[2025-03-15 01:20:16] [INFO] Starting error handling enhancement process
[2025-03-15 01:20:16] [INFO] Found 15 scripts to process
[2025-03-15 01:20:16] [INFO] Processing script: C:\Users\Chris\cFish.io\U5-Data\Scripts\backup-critical-files.ps1
[2025-03-15 01:20:16] [INFO] Created backup of C:\Users\Chris\cFish.io\U5-Data\Scripts\backup-critical-files.ps1 at C:\Users\Chris\cFish.io\U5-Data\Scripts\backups\backup-critical-files.ps1.20250315-012016.bak
[2025-03-15 01:20:16] [INFO] Successfully enhanced error handling in C:\Users\Chris\cFish.io\U5-Data\Scripts\backup-critical-files.ps1
[2025-03-15 01:20:16] [INFO] Processing script: C:\Users\Chris\cFish.io\U5-Data\Scripts\convert-md-to-json.ps1
[2025-03-15 01:20:16] [INFO] Created backup of C:\Users\Chris\cFish.io\U5-Data\Scripts\convert-md-to-json.ps1 at C:\Users\Chris\cFish.io\U5-Data\Scripts\backups\convert-md-to-json.ps1.20250315-012016.bak
[2025-03-15 01:20:16] [INFO] Successfully enhanced error handling in C:\Users\Chris\cFish.io\U5-Data\Scripts\convert-md-to-json.ps1
[2025-03-15 01:20:16] [INFO] Processing script: C:\Users\Chris\cFish.io\U5-Data\Scripts\create-department-memory-files.ps1
[2025-03-15 01:20:16] [INFO] Created backup of C:\Users\Chris\cFish.io\U5-Data\Scripts\create-department-memory-files.ps1 at C:\Users\Chris\cFish.io\U5-Data\Scripts\backups\create-department-memory-files.ps1.20250315-012016.bak
[2025-03-15 01:20:16] [INFO] Successfully enhanced error handling in C:\Users\Chris\cFish.io\U5-Data\Scripts\create-department-memory-files.ps1
[2025-03-15 01:20:16] [INFO] Processing script: C:\Users\Chris\cFish.io\U5-Data\Scripts\file-locking.ps1
[2025-03-15 01:20:16] [INFO] Created backup of C:\Users\Chris\cFish.io\U5-Data\Scripts\file-locking.ps1 at C:\Users\Chris\cFish.io\U5-Data\Scripts\backups\file-locking.ps1.20250315-012016.bak
[2025-03-15 01:20:16] [INFO] Successfully enhanced error handling in C:\Users\Chris\cFish.io\U5-Data\Scripts\file-locking.ps1
[2025-03-15 01:20:16] [INFO] Processing script: C:\Users\Chris\cFish.io\U5-Data\Scripts\Fix-IntegrityIssues.ps1
[2025-03-15 01:20:16] [INFO] Created backup of C:\Users\Chris\cFish.io\U5-Data\Scripts\Fix-IntegrityIssues.ps1 at C:\Users\Chris\cFish.io\U5-Data\Scripts\backups\Fix-IntegrityIssues.ps1.20250315-012016.bak
[2025-03-15 01:20:16] [INFO] Successfully enhanced error handling in C:\Users\Chris\cFish.io\U5-Data\Scripts\Fix-IntegrityIssues.ps1
[2025-03-15 01:20:16] [INFO] Processing script: C:\Users\Chris\cFish.io\U5-Data\Scripts\memory-branches.ps1
[2025-03-15 01:20:16] [INFO] Created backup of C:\Users\Chris\cFish.io\U5-Data\Scripts\memory-branches.ps1 at C:\Users\Chris\cFish.io\U5-Data\Scripts\backups\memory-branches.ps1.20250315-012016.bak
[2025-03-15 01:20:16] [INFO] Successfully enhanced error handling in C:\Users\Chris\cFish.io\U5-Data\Scripts\memory-branches.ps1
[2025-03-15 01:20:16] [INFO] Processing script: C:\Users\Chris\cFish.io\U5-Data\Scripts\repair-integrity.ps1
[2025-03-15 01:20:16] [INFO] Created backup of C:\Users\Chris\cFish.io\U5-Data\Scripts\repair-integrity.ps1 at C:\Users\Chris\cFish.io\U5-Data\Scripts\backups\repair-integrity.ps1.20250315-012016.bak
[2025-03-15 01:20:16] [INFO] Successfully enhanced error handling in C:\Users\Chris\cFish.io\U5-Data\Scripts\repair-integrity.ps1
[2025-03-15 01:20:16] [INFO] Processing script: C:\Users\Chris\cFish.io\U5-Data\Scripts\scan-integrity.ps1
[2025-03-15 01:20:16] [INFO] Created backup of C:\Users\Chris\cFish.io\U5-Data\Scripts\scan-integrity.ps1 at C:\Users\Chris\cFish.io\U5-Data\Scripts\backups\scan-integrity.ps1.20250315-012016.bak
[2025-03-15 01:20:16] [INFO] Successfully enhanced error handling in C:\Users\Chris\cFish.io\U5-Data\Scripts\scan-integrity.ps1
[2025-03-15 01:20:16] [INFO] Processing script: C:\Users\Chris\cFish.io\U5-Data\Scripts\schedule-verification.ps1
[2025-03-15 01:20:16] [INFO] Created backup of C:\Users\Chris\cFish.io\U5-Data\Scripts\schedule-verification.ps1 at C:\Users\Chris\cFish.io\U5-Data\Scripts\backups\schedule-verification.ps1.20250315-012016.bak
[2025-03-15 01:20:16] [INFO] Successfully enhanced error handling in C:\Users\Chris\cFish.io\U5-Data\Scripts\schedule-verification.ps1
[2025-03-15 01:20:16] [INFO] Processing script: C:\Users\Chris\cFish.io\U5-Data\Scripts\simple-backup.ps1
[2025-03-15 01:20:16] [INFO] Created backup of C:\Users\Chris\cFish.io\U5-Data\Scripts\simple-backup.ps1 at C:\Users\Chris\cFish.io\U5-Data\Scripts\backups\simple-backup.ps1.20250315-012016.bak
[2025-03-15 01:20:16] [INFO] Successfully enhanced error handling in C:\Users\Chris\cFish.io\U5-Data\Scripts\simple-backup.ps1
[2025-03-15 01:20:16] [INFO] Processing script: C:\Users\Chris\cFish.io\U5-Data\Scripts\simple-verify.ps1
[2025-03-15 01:20:16] [INFO] Created backup of C:\Users\Chris\cFish.io\U5-Data\Scripts\simple-verify.ps1 at C:\Users\Chris\cFish.io\U5-Data\Scripts\backups\simple-verify.ps1.20250315-012016.bak
[2025-03-15 01:20:16] [INFO] Successfully enhanced error handling in C:\Users\Chris\cFish.io\U5-Data\Scripts\simple-verify.ps1
[2025-03-15 01:20:16] [INFO] Processing script: C:\Users\Chris\cFish.io\U5-Data\Scripts\sync-bidirectional.ps1
[2025-03-15 01:20:16] [INFO] Created backup of C:\Users\Chris\cFish.io\U5-Data\Scripts\sync-bidirectional.ps1 at C:\Users\Chris\cFish.io\U5-Data\Scripts\backups\sync-bidirectional.ps1.20250315-012016.bak
[2025-03-15 01:20:16] [INFO] Successfully enhanced error handling in C:\Users\Chris\cFish.io\U5-Data\Scripts\sync-bidirectional.ps1
[2025-03-15 01:20:16] [INFO] Processing script: C:\Users\Chris\cFish.io\U5-Data\Scripts\sync-memory-files.ps1
[2025-03-15 01:20:16] [INFO] Created backup of C:\Users\Chris\cFish.io\U5-Data\Scripts\sync-memory-files.ps1 at C:\Users\Chris\cFish.io\U5-Data\Scripts\backups\sync-memory-files.ps1.20250315-012016.bak
[2025-03-15 01:20:16] [INFO] Successfully enhanced error handling in C:\Users\Chris\cFish.io\U5-Data\Scripts\sync-memory-files.ps1
[2025-03-15 01:20:16] [INFO] Processing script: C:\Users\Chris\cFish.io\U5-Data\Scripts\verify-critical-files.ps1
[2025-03-15 01:20:16] [INFO] Created backup of C:\Users\Chris\cFish.io\U5-Data\Scripts\verify-critical-files.ps1 at C:\Users\Chris\cFish.io\U5-Data\Scripts\backups\verify-critical-files.ps1.20250315-012016.bak
[2025-03-15 01:20:16] [INFO] Successfully enhanced error handling in C:\Users\Chris\cFish.io\U5-Data\Scripts\verify-critical-files.ps1
[2025-03-15 01:20:16] [INFO] Processing script: C:\Users\Chris\cFish.io\U5-Data\Scripts\version-history.ps1
[2025-03-15 01:20:16] [INFO] Created backup of C:\Users\Chris\cFish.io\U5-Data\Scripts\version-history.ps1 at C:\Users\Chris\cFish.io\U5-Data\Scripts\backups\version-history.ps1.20250315-012016.bak
[2025-03-15 01:20:17] [INFO] Successfully enhanced error handling in C:\Users\Chris\cFish.io\U5-Data\Scripts\version-history.ps1
[2025-03-15 01:20:17] [INFO] Error handling enhancement completed. Success: 15, Failure: 0
[2025-03-15 01:20:17] [INFO] Created summary report at C:\Users\Chris\cFish.io\U5-Data\Scripts\logs\error-handling-enhancement-summary-20250315-012017.md
