[2025-03-15 03:01:42] [INFO] Starting error handling enhancement process
[2025-03-15 03:01:42] [INFO] Found 27 scripts to process
[2025-03-15 03:01:42] [INFO] Processing script: C:\Users\Chris\cFish.io\U5-Data\Scripts\backup-critical-files.ps1
[2025-03-15 03:01:42] [INFO] Created backup of C:\Users\Chris\cFish.io\U5-Data\Scripts\backup-critical-files.ps1 at C:\Users\Chris\cFish.io\U5-Data\Scripts\backups\backup-critical-files.ps1.20250315-030142.bak
[2025-03-15 03:01:42] [WARNING] Script already has enhanced error handling: C:\Users\Chris\cFish.io\U5-Data\Scripts\backup-critical-files.ps1
[2025-03-15 03:01:42] [INFO] Processing script: C:\Users\Chris\cFish.io\U5-Data\Scripts\begin-service-definition.ps1
[2025-03-15 03:01:42] [INFO] Created backup of C:\Users\Chris\cFish.io\U5-Data\Scripts\begin-service-definition.ps1 at C:\Users\Chris\cFish.io\U5-Data\Scripts\backups\begin-service-definition.ps1.20250315-030142.bak
[2025-03-15 03:01:42] [WARNING] Script already has enhanced error handling: C:\Users\Chris\cFish.io\U5-Data\Scripts\begin-service-definition.ps1
[2025-03-15 03:01:42] [INFO] Processing script: C:\Users\Chris\cFish.io\U5-Data\Scripts\complete-documentation-reorganization-day3.ps1
[2025-03-15 03:01:42] [INFO] Created backup of C:\Users\Chris\cFish.io\U5-Data\Scripts\complete-documentation-reorganization-day3.ps1 at C:\Users\Chris\cFish.io\U5-Data\Scripts\backups\complete-documentation-reorganization-day3.ps1.20250315-030142.bak
[2025-03-15 03:01:42] [WARNING] Script already has enhanced error handling: C:\Users\Chris\cFish.io\U5-Data\Scripts\complete-documentation-reorganization-day3.ps1
[2025-03-15 03:01:42] [INFO] Processing script: C:\Users\Chris\cFish.io\U5-Data\Scripts\continue-documentation-reorganization.ps1
[2025-03-15 03:01:42] [INFO] Created backup of C:\Users\Chris\cFish.io\U5-Data\Scripts\continue-documentation-reorganization.ps1 at C:\Users\Chris\cFish.io\U5-Data\Scripts\backups\continue-documentation-reorganization.ps1.20250315-030142.bak
[2025-03-15 03:01:42] [WARNING] Script already has enhanced error handling: C:\Users\Chris\cFish.io\U5-Data\Scripts\continue-documentation-reorganization.ps1
[2025-03-15 03:01:42] [INFO] Processing script: C:\Users\Chris\cFish.io\U5-Data\Scripts\convert-md-to-json.ps1
[2025-03-15 03:01:42] [INFO] Created backup of C:\Users\Chris\cFish.io\U5-Data\Scripts\convert-md-to-json.ps1 at C:\Users\Chris\cFish.io\U5-Data\Scripts\backups\convert-md-to-json.ps1.20250315-030142.bak
[2025-03-15 03:01:42] [WARNING] Script already has enhanced error handling: C:\Users\Chris\cFish.io\U5-Data\Scripts\convert-md-to-json.ps1
[2025-03-15 03:01:42] [INFO] Processing script: C:\Users\Chris\cFish.io\U5-Data\Scripts\create-department-memory-files.ps1
[2025-03-15 03:01:42] [INFO] Created backup of C:\Users\Chris\cFish.io\U5-Data\Scripts\create-department-memory-files.ps1 at C:\Users\Chris\cFish.io\U5-Data\Scripts\backups\create-department-memory-files.ps1.20250315-030142.bak
[2025-03-15 03:01:42] [WARNING] Script already has enhanced error handling: C:\Users\Chris\cFish.io\U5-Data\Scripts\create-department-memory-files.ps1
[2025-03-15 03:01:42] [INFO] Processing script: C:\Users\Chris\cFish.io\U5-Data\Scripts\dmms-global-validation.ps1
[2025-03-15 03:01:42] [INFO] Created backup of C:\Users\Chris\cFish.io\U5-Data\Scripts\dmms-global-validation.ps1 at C:\Users\Chris\cFish.io\U5-Data\Scripts\backups\dmms-global-validation.ps1.20250315-030142.bak
[2025-03-15 03:01:42] [WARNING] Script already has enhanced error handling: C:\Users\Chris\cFish.io\U5-Data\Scripts\dmms-global-validation.ps1
[2025-03-15 03:01:42] [INFO] Processing script: C:\Users\Chris\cFish.io\U5-Data\Scripts\dmms-performance-benchmark.ps1
[2025-03-15 03:01:42] [INFO] Created backup of C:\Users\Chris\cFish.io\U5-Data\Scripts\dmms-performance-benchmark.ps1 at C:\Users\Chris\cFish.io\U5-Data\Scripts\backups\dmms-performance-benchmark.ps1.20250315-030142.bak
[2025-03-15 03:01:42] [WARNING] Script already has enhanced error handling: C:\Users\Chris\cFish.io\U5-Data\Scripts\dmms-performance-benchmark.ps1
[2025-03-15 03:01:42] [INFO] Processing script: C:\Users\Chris\cFish.io\U5-Data\Scripts\dmms-performance-optimization.ps1
[2025-03-15 03:01:42] [INFO] Created backup of C:\Users\Chris\cFish.io\U5-Data\Scripts\dmms-performance-optimization.ps1 at C:\Users\Chris\cFish.io\U5-Data\Scripts\backups\dmms-performance-optimization.ps1.20250315-030142.bak
[2025-03-15 03:01:42] [INFO] Successfully enhanced error handling in C:\Users\Chris\cFish.io\U5-Data\Scripts\dmms-performance-optimization.ps1
[2025-03-15 03:01:42] [INFO] Processing script: C:\Users\Chris\cFish.io\U5-Data\Scripts\dmms-security-enhancement.ps1
[2025-03-15 03:01:42] [INFO] Created backup of C:\Users\Chris\cFish.io\U5-Data\Scripts\dmms-security-enhancement.ps1 at C:\Users\Chris\cFish.io\U5-Data\Scripts\backups\dmms-security-enhancement.ps1.20250315-030142.bak
[2025-03-15 03:01:42] [WARNING] Script already has enhanced error handling: C:\Users\Chris\cFish.io\U5-Data\Scripts\dmms-security-enhancement.ps1
[2025-03-15 03:01:42] [INFO] Processing script: C:\Users\Chris\cFish.io\U5-Data\Scripts\enhance-service-documentation.ps1
[2025-03-15 03:01:42] [INFO] Created backup of C:\Users\Chris\cFish.io\U5-Data\Scripts\enhance-service-documentation.ps1 at C:\Users\Chris\cFish.io\U5-Data\Scripts\backups\enhance-service-documentation.ps1.20250315-030142.bak
[2025-03-15 03:01:42] [WARNING] Script already has enhanced error handling: C:\Users\Chris\cFish.io\U5-Data\Scripts\enhance-service-documentation.ps1
[2025-03-15 03:01:42] [INFO] Processing script: C:\Users\Chris\cFish.io\U5-Data\Scripts\file-locking.ps1
[2025-03-15 03:01:42] [INFO] Created backup of C:\Users\Chris\cFish.io\U5-Data\Scripts\file-locking.ps1 at C:\Users\Chris\cFish.io\U5-Data\Scripts\backups\file-locking.ps1.20250315-030142.bak
[2025-03-15 03:01:42] [WARNING] Script already has enhanced error handling: C:\Users\Chris\cFish.io\U5-Data\Scripts\file-locking.ps1
[2025-03-15 03:01:42] [INFO] Processing script: C:\Users\Chris\cFish.io\U5-Data\Scripts\Fix-IntegrityIssues.ps1
[2025-03-15 03:01:42] [INFO] Created backup of C:\Users\Chris\cFish.io\U5-Data\Scripts\Fix-IntegrityIssues.ps1 at C:\Users\Chris\cFish.io\U5-Data\Scripts\backups\Fix-IntegrityIssues.ps1.20250315-030142.bak
[2025-03-15 03:01:42] [WARNING] Script already has enhanced error handling: C:\Users\Chris\cFish.io\U5-Data\Scripts\Fix-IntegrityIssues.ps1
[2025-03-15 03:01:42] [INFO] Processing script: C:\Users\Chris\cFish.io\U5-Data\Scripts\fix-powershell-syntax.ps1
[2025-03-15 03:01:42] [INFO] Created backup of C:\Users\Chris\cFish.io\U5-Data\Scripts\fix-powershell-syntax.ps1 at C:\Users\Chris\cFish.io\U5-Data\Scripts\backups\fix-powershell-syntax.ps1.20250315-030142.bak
[2025-03-15 03:01:42] [INFO] Successfully enhanced error handling in C:\Users\Chris\cFish.io\U5-Data\Scripts\fix-powershell-syntax.ps1
[2025-03-15 03:01:42] [INFO] Processing script: C:\Users\Chris\cFish.io\U5-Data\Scripts\fix-variable-references.ps1
[2025-03-15 03:01:42] [INFO] Created backup of C:\Users\Chris\cFish.io\U5-Data\Scripts\fix-variable-references.ps1 at C:\Users\Chris\cFish.io\U5-Data\Scripts\backups\fix-variable-references.ps1.20250315-030142.bak
[2025-03-15 03:01:42] [INFO] Successfully enhanced error handling in C:\Users\Chris\cFish.io\U5-Data\Scripts\fix-variable-references.ps1
[2025-03-15 03:01:42] [INFO] Processing script: C:\Users\Chris\cFish.io\U5-Data\Scripts\memory-branches.ps1
[2025-03-15 03:01:42] [INFO] Created backup of C:\Users\Chris\cFish.io\U5-Data\Scripts\memory-branches.ps1 at C:\Users\Chris\cFish.io\U5-Data\Scripts\backups\memory-branches.ps1.20250315-030142.bak
[2025-03-15 03:01:42] [WARNING] Script already has enhanced error handling: C:\Users\Chris\cFish.io\U5-Data\Scripts\memory-branches.ps1
[2025-03-15 03:01:42] [INFO] Processing script: C:\Users\Chris\cFish.io\U5-Data\Scripts\repair-integrity.ps1
[2025-03-15 03:01:42] [INFO] Created backup of C:\Users\Chris\cFish.io\U5-Data\Scripts\repair-integrity.ps1 at C:\Users\Chris\cFish.io\U5-Data\Scripts\backups\repair-integrity.ps1.20250315-030142.bak
[2025-03-15 03:01:42] [WARNING] Script already has enhanced error handling: C:\Users\Chris\cFish.io\U5-Data\Scripts\repair-integrity.ps1
[2025-03-15 03:01:42] [INFO] Processing script: C:\Users\Chris\cFish.io\U5-Data\Scripts\scan-integrity.ps1
[2025-03-15 03:01:42] [INFO] Created backup of C:\Users\Chris\cFish.io\U5-Data\Scripts\scan-integrity.ps1 at C:\Users\Chris\cFish.io\U5-Data\Scripts\backups\scan-integrity.ps1.20250315-030142.bak
[2025-03-15 03:01:42] [WARNING] Script already has enhanced error handling: C:\Users\Chris\cFish.io\U5-Data\Scripts\scan-integrity.ps1
[2025-03-15 03:01:42] [INFO] Processing script: C:\Users\Chris\cFish.io\U5-Data\Scripts\schedule-verification.ps1
[2025-03-15 03:01:42] [INFO] Created backup of C:\Users\Chris\cFish.io\U5-Data\Scripts\schedule-verification.ps1 at C:\Users\Chris\cFish.io\U5-Data\Scripts\backups\schedule-verification.ps1.20250315-030142.bak
[2025-03-15 03:01:42] [WARNING] Script already has enhanced error handling: C:\Users\Chris\cFish.io\U5-Data\Scripts\schedule-verification.ps1
[2025-03-15 03:01:42] [INFO] Processing script: C:\Users\Chris\cFish.io\U5-Data\Scripts\simple-backup.ps1
[2025-03-15 03:01:42] [INFO] Created backup of C:\Users\Chris\cFish.io\U5-Data\Scripts\simple-backup.ps1 at C:\Users\Chris\cFish.io\U5-Data\Scripts\backups\simple-backup.ps1.20250315-030142.bak
[2025-03-15 03:01:42] [WARNING] Script already has enhanced error handling: C:\Users\Chris\cFish.io\U5-Data\Scripts\simple-backup.ps1
[2025-03-15 03:01:42] [INFO] Processing script: C:\Users\Chris\cFish.io\U5-Data\Scripts\simple-verify.ps1
[2025-03-15 03:01:42] [INFO] Created backup of C:\Users\Chris\cFish.io\U5-Data\Scripts\simple-verify.ps1 at C:\Users\Chris\cFish.io\U5-Data\Scripts\backups\simple-verify.ps1.20250315-030142.bak
[2025-03-15 03:01:42] [WARNING] Script already has enhanced error handling: C:\Users\Chris\cFish.io\U5-Data\Scripts\simple-verify.ps1
[2025-03-15 03:01:42] [INFO] Processing script: C:\Users\Chris\cFish.io\U5-Data\Scripts\sync-bidirectional.ps1
[2025-03-15 03:01:42] [INFO] Created backup of C:\Users\Chris\cFish.io\U5-Data\Scripts\sync-bidirectional.ps1 at C:\Users\Chris\cFish.io\U5-Data\Scripts\backups\sync-bidirectional.ps1.20250315-030142.bak
[2025-03-15 03:01:42] [WARNING] Script already has enhanced error handling: C:\Users\Chris\cFish.io\U5-Data\Scripts\sync-bidirectional.ps1
[2025-03-15 03:01:42] [INFO] Processing script: C:\Users\Chris\cFish.io\U5-Data\Scripts\sync-memory-files.ps1
[2025-03-15 03:01:42] [INFO] Created backup of C:\Users\Chris\cFish.io\U5-Data\Scripts\sync-memory-files.ps1 at C:\Users\Chris\cFish.io\U5-Data\Scripts\backups\sync-memory-files.ps1.20250315-030142.bak
[2025-03-15 03:01:42] [WARNING] Script already has enhanced error handling: C:\Users\Chris\cFish.io\U5-Data\Scripts\sync-memory-files.ps1
[2025-03-15 03:01:42] [INFO] Processing script: C:\Users\Chris\cFish.io\U5-Data\Scripts\verify-critical-files.ps1
[2025-03-15 03:01:42] [INFO] Created backup of C:\Users\Chris\cFish.io\U5-Data\Scripts\verify-critical-files.ps1 at C:\Users\Chris\cFish.io\U5-Data\Scripts\backups\verify-critical-files.ps1.20250315-030142.bak
[2025-03-15 03:01:42] [WARNING] Script already has enhanced error handling: C:\Users\Chris\cFish.io\U5-Data\Scripts\verify-critical-files.ps1
[2025-03-15 03:01:42] [INFO] Processing script: C:\Users\Chris\cFish.io\U5-Data\Scripts\verify-directory-structure.ps1
[2025-03-15 03:01:42] [INFO] Created backup of C:\Users\Chris\cFish.io\U5-Data\Scripts\verify-directory-structure.ps1 at C:\Users\Chris\cFish.io\U5-Data\Scripts\backups\verify-directory-structure.ps1.20250315-030142.bak
[2025-03-15 03:01:42] [INFO] Successfully enhanced error handling in C:\Users\Chris\cFish.io\U5-Data\Scripts\verify-directory-structure.ps1
[2025-03-15 03:01:42] [INFO] Processing script: C:\Users\Chris\cFish.io\U5-Data\Scripts\version-history.ps1
[2025-03-15 03:01:42] [INFO] Created backup of C:\Users\Chris\cFish.io\U5-Data\Scripts\version-history.ps1 at C:\Users\Chris\cFish.io\U5-Data\Scripts\backups\version-history.ps1.20250315-030142.bak
[2025-03-15 03:01:42] [WARNING] Script already has enhanced error handling: C:\Users\Chris\cFish.io\U5-Data\Scripts\version-history.ps1
[2025-03-15 03:01:42] [INFO] Processing script: C:\Users\Chris\cFish.io\U5-Data\Scripts\wordpress-environment-setup.ps1
[2025-03-15 03:01:42] [INFO] Created backup of C:\Users\Chris\cFish.io\U5-Data\Scripts\wordpress-environment-setup.ps1 at C:\Users\Chris\cFish.io\U5-Data\Scripts\backups\wordpress-environment-setup.ps1.20250315-030142.bak
[2025-03-15 03:01:42] [INFO] Successfully enhanced error handling in C:\Users\Chris\cFish.io\U5-Data\Scripts\wordpress-environment-setup.ps1
[2025-03-15 03:01:42] [INFO] Error handling enhancement completed. Success: 27, Failure: 0
[2025-03-15 03:01:42] [INFO] Created summary report at C:\Users\Chris\cFish.io\U5-Data\Scripts\logs\error-handling-enhancement-summary-20250315-030142.md
