[2025-03-15 02:40:36] [INFO] Found 28 PowerShell scripts to process
[2025-03-15 02:40:36] [INFO] Processing script: C:\Users\Chris\cFish.io\U5-Data\Scripts\backup-critical-files.ps1
[2025-03-15 02:40:36] [INFO] Created backup: .\backups\backup-critical-files.ps1.bak
[2025-03-15 02:40:36] [INFO] No variable reference issues found in: C:\Users\Chris\cFish.io\U5-Data\Scripts\backup-critical-files.ps1
[2025-03-15 02:40:36] [INFO] Processing script: C:\Users\Chris\cFish.io\U5-Data\Scripts\begin-service-definition.ps1
[2025-03-15 02:40:36] [INFO] Created backup: .\backups\begin-service-definition.ps1.bak
[2025-03-15 02:40:36] [INFO] No variable reference issues found in: C:\Users\Chris\cFish.io\U5-Data\Scripts\begin-service-definition.ps1
[2025-03-15 02:40:36] [INFO] Processing script: C:\Users\Chris\cFish.io\U5-Data\Scripts\complete-documentation-reorganization-day3.ps1
[2025-03-15 02:40:36] [INFO] Created backup: .\backups\complete-documentation-reorganization-day3.ps1.bak
[2025-03-15 02:40:36] [INFO] No variable reference issues found in: C:\Users\Chris\cFish.io\U5-Data\Scripts\complete-documentation-reorganization-day3.ps1
[2025-03-15 02:40:36] [INFO] Processing script: C:\Users\Chris\cFish.io\U5-Data\Scripts\continue-documentation-reorganization.ps1
[2025-03-15 02:40:37] [INFO] Created backup: .\backups\continue-documentation-reorganization.ps1.bak
[2025-03-15 02:40:37] [INFO] No variable reference issues found in: C:\Users\Chris\cFish.io\U5-Data\Scripts\continue-documentation-reorganization.ps1
[2025-03-15 02:40:37] [INFO] Processing script: C:\Users\Chris\cFish.io\U5-Data\Scripts\convert-md-to-json.ps1
[2025-03-15 02:40:37] [INFO] Created backup: .\backups\convert-md-to-json.ps1.bak
[2025-03-15 02:40:37] [INFO] No variable reference issues found in: C:\Users\Chris\cFish.io\U5-Data\Scripts\convert-md-to-json.ps1
[2025-03-15 02:40:37] [INFO] Processing script: C:\Users\Chris\cFish.io\U5-Data\Scripts\create-department-memory-files.ps1
[2025-03-15 02:40:37] [INFO] Created backup: .\backups\create-department-memory-files.ps1.bak
[2025-03-15 02:40:37] [INFO] No variable reference issues found in: C:\Users\Chris\cFish.io\U5-Data\Scripts\create-department-memory-files.ps1
[2025-03-15 02:40:37] [INFO] Processing script: C:\Users\Chris\cFish.io\U5-Data\Scripts\dmms-global-validation.ps1
[2025-03-15 02:40:37] [INFO] Created backup: .\backups\dmms-global-validation.ps1.bak
[2025-03-15 02:40:37] [INFO] No variable reference issues found in: C:\Users\Chris\cFish.io\U5-Data\Scripts\dmms-global-validation.ps1
[2025-03-15 02:40:37] [INFO] Processing script: C:\Users\Chris\cFish.io\U5-Data\Scripts\dmms-performance-benchmark.ps1
[2025-03-15 02:40:37] [INFO] Created backup: .\backups\dmms-performance-benchmark.ps1.bak
[2025-03-15 02:40:37] [INFO] No variable reference issues found in: C:\Users\Chris\cFish.io\U5-Data\Scripts\dmms-performance-benchmark.ps1
[2025-03-15 02:40:37] [INFO] Processing script: C:\Users\Chris\cFish.io\U5-Data\Scripts\dmms-performance-optimization.ps1
[2025-03-15 02:40:37] [INFO] Created backup: .\backups\dmms-performance-optimization.ps1.bak
[2025-03-15 02:40:37] [INFO] No variable reference issues found in: C:\Users\Chris\cFish.io\U5-Data\Scripts\dmms-performance-optimization.ps1
[2025-03-15 02:40:37] [INFO] Processing script: C:\Users\Chris\cFish.io\U5-Data\Scripts\dmms-security-enhancement.ps1
[2025-03-15 02:40:37] [INFO] Created backup: .\backups\dmms-security-enhancement.ps1.bak
[2025-03-15 02:40:37] [INFO] No variable reference issues found in: C:\Users\Chris\cFish.io\U5-Data\Scripts\dmms-security-enhancement.ps1
[2025-03-15 02:40:37] [INFO] Processing script: C:\Users\Chris\cFish.io\U5-Data\Scripts\enhance-error-handling.ps1
[2025-03-15 02:40:37] [INFO] Created backup: .\backups\enhance-error-handling.ps1.bak
[2025-03-15 02:40:37] [INFO] No variable reference issues found in: C:\Users\Chris\cFish.io\U5-Data\Scripts\enhance-error-handling.ps1
[2025-03-15 02:40:37] [INFO] Processing script: C:\Users\Chris\cFish.io\U5-Data\Scripts\enhance-service-documentation.ps1
[2025-03-15 02:40:37] [INFO] Created backup: .\backups\enhance-service-documentation.ps1.bak
[2025-03-15 02:40:37] [INFO] No variable reference issues found in: C:\Users\Chris\cFish.io\U5-Data\Scripts\enhance-service-documentation.ps1
[2025-03-15 02:40:37] [INFO] Processing script: C:\Users\Chris\cFish.io\U5-Data\Scripts\file-locking.ps1
[2025-03-15 02:40:37] [INFO] Created backup: .\backups\file-locking.ps1.bak
[2025-03-15 02:40:37] [INFO] No variable reference issues found in: C:\Users\Chris\cFish.io\U5-Data\Scripts\file-locking.ps1
[2025-03-15 02:40:37] [INFO] Processing script: C:\Users\Chris\cFish.io\U5-Data\Scripts\Fix-IntegrityIssues.ps1
[2025-03-15 02:40:37] [INFO] Created backup: .\backups\Fix-IntegrityIssues.ps1.bak
[2025-03-15 02:40:37] [INFO] No variable reference issues found in: C:\Users\Chris\cFish.io\U5-Data\Scripts\Fix-IntegrityIssues.ps1
[2025-03-15 02:40:37] [INFO] Processing script: C:\Users\Chris\cFish.io\U5-Data\Scripts\fix-powershell-syntax.ps1
[2025-03-15 02:40:38] [INFO] Created backup: .\backups\fix-powershell-syntax.ps1.bak
[2025-03-15 02:40:38] [INFO] No variable reference issues found in: C:\Users\Chris\cFish.io\U5-Data\Scripts\fix-powershell-syntax.ps1
[2025-03-15 02:40:38] [INFO] Processing script: C:\Users\Chris\cFish.io\U5-Data\Scripts\fix-variable-references.ps1
[2025-03-15 02:40:38] [INFO] Created backup: .\backups\fix-variable-references.ps1.bak
[2025-03-15 02:40:38] [INFO] No variable reference issues found in: C:\Users\Chris\cFish.io\U5-Data\Scripts\fix-variable-references.ps1
[2025-03-15 02:40:38] [INFO] Processing script: C:\Users\Chris\cFish.io\U5-Data\Scripts\memory-branches.ps1
[2025-03-15 02:40:38] [INFO] Created backup: .\backups\memory-branches.ps1.bak
[2025-03-15 02:40:38] [INFO] No variable reference issues found in: C:\Users\Chris\cFish.io\U5-Data\Scripts\memory-branches.ps1
[2025-03-15 02:40:38] [INFO] Processing script: C:\Users\Chris\cFish.io\U5-Data\Scripts\repair-integrity.ps1
[2025-03-15 02:40:38] [INFO] Created backup: .\backups\repair-integrity.ps1.bak
[2025-03-15 02:40:38] [INFO] No variable reference issues found in: C:\Users\Chris\cFish.io\U5-Data\Scripts\repair-integrity.ps1
[2025-03-15 02:40:38] [INFO] Processing script: C:\Users\Chris\cFish.io\U5-Data\Scripts\scan-integrity.ps1
[2025-03-15 02:40:38] [INFO] Created backup: .\backups\scan-integrity.ps1.bak
[2025-03-15 02:40:38] [INFO] No variable reference issues found in: C:\Users\Chris\cFish.io\U5-Data\Scripts\scan-integrity.ps1
[2025-03-15 02:40:38] [INFO] Processing script: C:\Users\Chris\cFish.io\U5-Data\Scripts\schedule-verification.ps1
[2025-03-15 02:40:38] [INFO] Created backup: .\backups\schedule-verification.ps1.bak
[2025-03-15 02:40:38] [INFO] No variable reference issues found in: C:\Users\Chris\cFish.io\U5-Data\Scripts\schedule-verification.ps1
[2025-03-15 02:40:38] [INFO] Processing script: C:\Users\Chris\cFish.io\U5-Data\Scripts\simple-backup.ps1
[2025-03-15 02:40:38] [INFO] Created backup: .\backups\simple-backup.ps1.bak
[2025-03-15 02:40:38] [INFO] No variable reference issues found in: C:\Users\Chris\cFish.io\U5-Data\Scripts\simple-backup.ps1
[2025-03-15 02:40:38] [INFO] Processing script: C:\Users\Chris\cFish.io\U5-Data\Scripts\simple-verify.ps1
[2025-03-15 02:40:38] [INFO] Created backup: .\backups\simple-verify.ps1.bak
[2025-03-15 02:40:38] [INFO] No variable reference issues found in: C:\Users\Chris\cFish.io\U5-Data\Scripts\simple-verify.ps1
[2025-03-15 02:40:38] [INFO] Processing script: C:\Users\Chris\cFish.io\U5-Data\Scripts\sync-bidirectional.ps1
[2025-03-15 02:40:38] [INFO] Created backup: .\backups\sync-bidirectional.ps1.bak
[2025-03-15 02:40:38] [INFO] No variable reference issues found in: C:\Users\Chris\cFish.io\U5-Data\Scripts\sync-bidirectional.ps1
[2025-03-15 02:40:38] [INFO] Processing script: C:\Users\Chris\cFish.io\U5-Data\Scripts\sync-memory-files.ps1
[2025-03-15 02:40:38] [INFO] Created backup: .\backups\sync-memory-files.ps1.bak
[2025-03-15 02:40:38] [INFO] No variable reference issues found in: C:\Users\Chris\cFish.io\U5-Data\Scripts\sync-memory-files.ps1
[2025-03-15 02:40:38] [INFO] Processing script: C:\Users\Chris\cFish.io\U5-Data\Scripts\verify-critical-files.ps1
[2025-03-15 02:40:38] [INFO] Created backup: .\backups\verify-critical-files.ps1.bak
[2025-03-15 02:40:38] [INFO] No variable reference issues found in: C:\Users\Chris\cFish.io\U5-Data\Scripts\verify-critical-files.ps1
[2025-03-15 02:40:38] [INFO] Processing script: C:\Users\Chris\cFish.io\U5-Data\Scripts\verify-directory-structure.ps1
[2025-03-15 02:40:38] [INFO] Created backup: .\backups\verify-directory-structure.ps1.bak
[2025-03-15 02:40:38] [INFO] No variable reference issues found in: C:\Users\Chris\cFish.io\U5-Data\Scripts\verify-directory-structure.ps1
[2025-03-15 02:40:38] [INFO] Processing script: C:\Users\Chris\cFish.io\U5-Data\Scripts\version-history.ps1
[2025-03-15 02:40:38] [INFO] Created backup: .\backups\version-history.ps1.bak
[2025-03-15 02:40:38] [INFO] No variable reference issues found in: C:\Users\Chris\cFish.io\U5-Data\Scripts\version-history.ps1
[2025-03-15 02:40:38] [INFO] Processing script: C:\Users\Chris\cFish.io\U5-Data\Scripts\wordpress-environment-setup.ps1
[2025-03-15 02:40:38] [INFO] Created backup: .\backups\wordpress-environment-setup.ps1.bak
[2025-03-15 02:40:38] [INFO] No variable reference issues found in: C:\Users\Chris\cFish.io\U5-Data\Scripts\wordpress-environment-setup.ps1
[2025-03-15 02:40:38] [INFO] ===== Summary =====
[2025-03-15 02:40:39] [INFO] Total scripts processed: 28
[2025-03-15 02:40:39] [INFO] Scripts with fixes applied: 0
[2025-03-15 02:40:39] [INFO] Errors encountered: 0
[2025-03-15 02:40:39] [INFO] Completed successfully. See log file for details: .\logs\fix-dmms-performance-benchmark.log
