[2025-03-15 03:29:07] [INFO] Starting DMMS performance benchmark
[2025-03-15 03:29:07] [INFO] Starting performance measurement for: Sync Memory Files
[2025-03-15 03:29:07] [INFO] Performance results for Sync Memory Files:
[2025-03-15 03:29:07] [INFO]   - Execution Time: 348 ms
[2025-03-15 03:29:07] [INFO]   - Memory Used: 2799.9375 KB
[2025-03-15 03:29:07] [INFO] Starting performance measurement for: Sync Bidirectional
[2025-03-15 03:29:07] [ERROR] Error during performance measurement for Sync Bidirectional: At C:\Users\Chris\cFish.io\U5-Data\Scripts\sync-bidirectional.ps1:182 char:8
+     try {
+        ~
Missing '=' operator after key in hash literal.

At C:\Users\Chris\cFish.io\U5-Data\Scripts\sync-bidirectional.ps1:192 char:39
+             [void]$entries.Add($entry)
+                                       ~
Missing '=' operator after key in hash literal.

At C:\Users\Chris\cFish.io\U5-Data\Scripts\sync-bidirectional.ps1:251 char:8
+     try {
+        ~
Missing '=' operator after key in hash literal.

At C:\Users\Chris\cFish.io\U5-Data\Scripts\sync-bidirectional.ps1:413 char:77
+ ...                 $pattern = if ("() { ms)######### $([regex] } else {  ...
+                                                                 ~
Missing closing ')' in subexpression.

At C:\Users\Chris\cFish.io\U5-Data\Scripts\sync-bidirectional.ps1:413 char:191
+ ... $([regex]::Escape($matchingDeptEntry.date))\).*?(?=^######### |\z)" }
+                                                                         ~
Missing closing ')' after expression in 'if' statement.

At C:\Users\Chris\cFish.io\U5-Data\Scripts\sync-bidirectional.ps1:459 char:73
+ ...                 $pattern = if ("() { ms)######### $([regex] } else {  ...
+                                                                 ~
Missing closing ')' in subexpression.

At C:\Users\Chris\cFish.io\U5-Data\Scripts\sync-bidirectional.ps1:459 char:191
+ ... [regex]::Escape($matchingMasterEntry.date))\).*?(?=^######### |\z)" }
+                                                                         ~
Missing closing ')' after expression in 'if' statement.

At C:\Users\Chris\cFish.io\U5-Data\Scripts\sync-bidirectional.ps1:151 char:28
+ function Get-MemoryEntries {
+                            ~
Missing closing '}' in statement block or type definition.
[2025-03-15 03:29:07] [INFO] Starting performance measurement for: Convert MD to JSON
[2025-03-15 03:29:07] [ERROR] Error during performance measurement for Convert MD to JSON: The term 'param' is not recognized as the name of a cmdlet, function, script file, or operable program. Check the spelling of the name, or if a path was included, verify that the path is correct and try again.
[2025-03-15 03:29:07] [INFO] Created benchmark report at C:\Users\Chris\cFish.io\U5-Data\Scripts\logs\performance-benchmark-report-20250315-032907.md
