[2025-03-15 03:13:20] [INFO] Starting DMMS performance benchmark
[2025-03-15 03:13:20] [INFO] Starting performance measurement for: Sync Memory Files
[2025-03-15 03:13:21] [ERROR] Error during performance measurement for Sync Memory Files: The term 'Optimize-MemoryUsage' is not recognized as the name of a cmdlet, function, script file, or operable program. Check the spelling of the name, or if a path was included, verify that the path is correct and try again.
[2025-03-15 03:13:21] [INFO] Starting performance measurement for: Sync Bidirectional
[2025-03-15 03:13:21] [ERROR] Error during performance measurement for Sync Bidirectional: At C:\Users\Chris\cFish.io\U5-Data\Scripts\sync-bidirectional.ps1:34 char:44
+     $errorMessage = "[$timestamp] ERROR in $Operation: $($Error.Excep ...
+                                            ~~~~~~~~~~~
Variable reference is not valid. ':' was not followed by a valid variable name character. Consider using ${} to delimit the name.

At C:\Users\Chris\cFish.io\U5-Data\Scripts\sync-bidirectional.ps1:182 char:8
+     try {
+        ~
Missing '=' operator after key in hash literal.

At C:\Users\Chris\cFish.io\U5-Data\Scripts\sync-bidirectional.ps1:192 char:39
+             [void]$entries.Add($entry)
+                                       ~
Missing '=' operator after key in hash literal.

At C:\Users\Chris\cFish.io\U5-Data\Scripts\sync-bidirectional.ps1:251 char:8
+     try {
+        ~
Missing '=' operator after key in hash literal.

At C:\Users\Chris\cFish.io\U5-Data\Scripts\sync-bidirectional.ps1:413 char:77
+ ...                 $pattern = if ("() { ms)######### $([regex] } else {  ...
+                                                                 ~
Missing closing ')' in subexpression.

At C:\Users\Chris\cFish.io\U5-Data\Scripts\sync-bidirectional.ps1:413 char:191
+ ... $([regex]::Escape($matchingDeptEntry.date))\).*?(?=^######### |\z)" }
+                                                                         ~
Missing closing ')' after expression in 'if' statement.

At C:\Users\Chris\cFish.io\U5-Data\Scripts\sync-bidirectional.ps1:459 char:73
+ ...                 $pattern = if ("() { ms)######### $([regex] } else {  ...
+                                                                 ~
Missing closing ')' in subexpression.

At C:\Users\Chris\cFish.io\U5-Data\Scripts\sync-bidirectional.ps1:459 char:191
+ ... [regex]::Escape($matchingMasterEntry.date))\).*?(?=^######### |\z)" }
+                                                                         ~
Missing closing ')' after expression in 'if' statement.

At C:\Users\Chris\cFish.io\U5-Data\Scripts\sync-bidirectional.ps1:151 char:28
+ function Get-MemoryEntries {
+                            ~
Missing closing '}' in statement block or type definition.
[2025-03-15 03:13:21] [INFO] Starting performance measurement for: Convert MD to JSON
[2025-03-15 03:13:21] [ERROR] Error during performance measurement for Convert MD to JSON: At C:\Users\Chris\cFish.io\U5-Data\Scripts\convert-md-to-json.ps1:34 char:44
+     $errorMessage = "[$timestamp] ERROR in $Operation: $($Error.Excep ...
+                                            ~~~~~~~~~~~
Variable reference is not valid. ':' was not followed by a valid variable name character. Consider using ${} to delimit the name.
[2025-03-15 03:13:21] [INFO] Created benchmark report at C:\Users\Chris\cFish.io\U5-Data\Scripts\logs\performance-benchmark-report-20250315-031321.md
