[Sat 03/15/2025  3:02:10.85] Starting PowerShell variable reference fix script 
[Sat 03/15/2025  3:02:10.85] Running: powershell.exe -ExecutionPolicy Bypass -File "C:\Users\Chris\cFish.io\U5-Data\Scripts\fix-variable-references.ps1"  
At C:\Users\Chris\cFish.io\U5-Data\Scripts\fix-variable-references.ps1:34 char:44
+     $errorMessage = "[$timestamp] ERROR in $Operation: $($Error.Excep ...
+                                            ~~~~~~~~~~~
Variable reference is not valid. ':' was not followed by a valid variable name character. Consider using ${} to delimit the name.
At C:\Users\Chris\cFish.io\U5-Data\Scripts\fix-variable-references.ps1:85 char:1
+ [CmdletBinding(SupportsShouldProcess=$true)]
+ ~~~~~~~~~~~~~~~~~~~~~~~~~~~~~~~~~~~~~~~~~~~~
Unexpected attribute 'CmdletBinding'.
At C:\Users\Chris\cFish.io\U5-Data\Scripts\fix-variable-references.ps1:86 char:1
+ param (
+ ~~~~~
Unexpected token 'param' in expression or statement.
At C:\Users\Chris\cFish.io\U5-Data\Scripts\fix-variable-references.ps1:88 char:32
+     [string]$ScriptDirectory = ".",
+                                ~~~
The assignment expression is not valid. The input to an assignment operator must be an object that is able to accept assignments, 
such as a variable or a property.
At C:\Users\Chris\cFish.io\U5-Data\Scripts\fix-variable-references.ps1:91 char:32
+     [string]$BackupDirectory = ".\backups",
+                                ~~~~~~~~~~~
The assignment expression is not valid. The input to an assignment operator must be an object that is able to accept assignments, 
such as a variable or a property.
    + CategoryInfo          : ParserError: (:) [], ParentContainsErrorRecordException
    + FullyQualifiedErrorId : InvalidVariableReferenceWithDrive
 
[Sat 03/15/2025  3:02:11.16] PowerShell variable reference fix failed with error code 1 
