[2025-03-12 21:50:42] [INFO] Starting command chaining syntax update...
[2025-03-12 21:51:04] [INFO] Starting command chaining syntax update...
[2025-03-12 21:51:04] [INFO] Found 52 script files to process
[2025-03-12 21:51:04] [INFO] Processing add-to-startup.bat...
[2025-03-12 21:51:04] [INFO] Processing cleanup-renaming-artifacts.ps1...
[2025-03-12 21:51:04] [INFO] Processing commit-tydisync-renaming.bat...
[2025-03-12 21:51:04] [INFO] Processing export-theme.bat...
[2025-03-12 21:51:05] [INFO] Processing md-to-json.bat...
[2025-03-12 21:51:05] [INFO] Processing prepare-powershell-review.ps1...
[2025-03-12 21:51:05] [INFO] Processing prepare-pull-request.bat...
[2025-03-12 21:51:05] [INFO] Processing prepare-windows-testing.bat...
[2025-03-12 21:51:05] [INFO] Processing prioritized-sync.ps1...
[2025-03-12 21:51:05] [INFO] Processing push-to-github.bat...
[2025-03-12 21:51:05] [INFO] Processing remove-md-json-sync-startup.bat...
[2025-03-12 21:51:05] [INFO] Processing remove-md-to-json-startup.bat...
[2025-03-12 21:51:05] [INFO] Processing robust-error-handling.ps1...
[2025-03-12 21:51:05] [INFO] Processing run-all-tests.bat...
[2025-03-12 21:51:05] [INFO] Processing run-all-tydisync-tests.bat...
[2025-03-12 21:51:05] [INFO] Processing run-enhanced.bat...
[2025-03-12 21:51:05] [INFO] Processing run-low-cpu.bat...
[2025-03-12 21:51:05] [INFO] Processing run-memory-optimized.bat...
[2025-03-12 21:51:05] [INFO] Processing run-optimized.bat...
[2025-03-12 21:51:05] [INFO] Processing run-with-more-memory.bat...
[2025-03-12 21:51:05] [INFO] Processing safe-sync.bat...
[2025-03-12 21:51:05] [INFO] Processing setup-cursor-integration.ps1...
[2025-03-12 21:51:05] [INFO] Processing setup-cursor-sync-startup.bat...
[2025-03-12 21:51:05] [INFO] Processing setup-md-json-sync-startup.bat...
[2025-03-12 21:51:05] [INFO] Processing setup-md-to-json-startup.bat...
[2025-03-12 21:51:05] [INFO] Processing start-cursor-sync.bat...
[2025-03-12 21:51:05] [INFO] Processing start-enhanced-sync.bat...
[2025-03-12 21:51:05] [INFO] Processing start-md-to-json-watcher.bat...
[2025-03-12 21:51:05] [INFO] Processing start-safe-sync.bat...
[2025-03-12 21:51:05] [INFO] Processing start-tydisync-background.bat...
[2025-03-12 21:51:05] [INFO] Processing start-tydisync-watcher.bat...
[2025-03-12 21:51:05] [INFO] Processing start-tydisync.bat...
[2025-03-12 21:51:05] [INFO] Processing sync-all-themes.bat...
[2025-03-12 21:51:05] [INFO] Processing sync-assembler-quick.bat...
[2025-03-12 21:51:05] [INFO] Processing sync-assembler-theme.bat...
[2025-03-12 21:51:05] [INFO] Processing sync-to-local.bat...
[2025-03-12 21:51:05] [INFO] Processing sync-wordpress-files.bat...
[2025-03-12 21:51:05] [INFO] Processing test-backup-functionality.ps1...
[2025-03-12 21:51:05] [INFO] Processing test-cross-platform-compatibility.ps1...
[2025-03-12 21:51:05] [INFO] Processing test-cross-platform.ps1...
[2025-03-12 21:51:05] [INFO] Processing test-enhanced-system.bat...
[2025-03-12 21:51:05] [INFO] Processing test-node.bat...
[2025-03-12 21:51:05] [INFO] Processing test-tydisync-edge-cases.bat...
[2025-03-12 21:51:05] [INFO] Processing test-tydisync-functionality.bat...
[2025-03-12 21:51:05] [INFO] Processing test-tydisync-path-edge-cases.bat...
[2025-03-12 21:51:05] [INFO] Processing test-tydisync-unicode.bat...
[2025-03-12 21:51:05] [INFO] Processing test-tydisync-watch-mode.bat...
[2025-03-12 21:51:05] [INFO] Processing tydisync.bat...
[2025-03-12 21:51:05] [INFO] Processing update-command-chaining.ps1...
[2025-03-12 21:51:05] [INFO] Found && in C:\Users\Chris\cFish.io\scripts\update-command-chaining.ps1
[2025-03-12 21:51:05] [INFO] Created backup: ..\backups\command-chaining-update\update-command-chaining.ps1
[2025-03-12 21:51:05] [SUCCESS] Updated command chaining in C:\Users\Chris\cFish.io\scripts\update-command-chaining.ps1
[2025-03-12 21:51:05] [INFO] Processing update-low-cpu-mode.bat...
[2025-03-12 21:51:05] [INFO] Processing update-memory.bat...
[2025-03-12 21:51:05] [INFO] Processing wp-deploy-guide.bat...
[2025-03-12 21:51:05] [SUCCESS] Command chaining syntax update completed
