[2025-03-13 01:56:08] [INFO] Starting scheduled task monitoring
[2025-03-13 01:56:08] [INFO] Checking task: cFish.io Daily Health Check
[2025-03-13 01:56:08] [ERROR] Failed to get information for task 'cFish.io Daily Health Check': No MSFT_ScheduledTask objects found with property 'TaskName' equal to 'cFish.io Daily Health Check'.  Verify the value of the property and retry.
[2025-03-13 01:56:08] [ERROR] Task 'cFish.io Daily Health Check' has never run or was not found
[2025-03-13 01:56:08] [INFO] Checking task: cFish.io Daily Backup
[2025-03-13 01:56:08] [ERROR] Failed to get information for task 'cFish.io Daily Backup': No MSFT_ScheduledTask objects found with property 'TaskName' equal to 'cFish.io Daily Backup'.  Verify the value of the property and retry.
[2025-03-13 01:56:08] [ERROR] Task 'cFish.io Daily Backup' has never run or was not found
[2025-03-13 01:56:08] [ERROR] Failed to update memory.md: Cannot find path 'C:\Users\Chris\cFish.io\tools\memory.md' because it does not exist.
[2025-03-13 01:56:08] [INFO] Scheduled task monitoring completed with 0 successes and 2 errors
[2025-03-13 01:57:54] [INFO] Starting scheduled task monitoring
[2025-03-13 01:57:54] [INFO] Checking task: cFish.io Daily Health Check
[2025-03-13 01:57:54] [ERROR] Failed to get information for task 'cFish.io Daily Health Check': No MSFT_ScheduledTask objects found with property 'TaskName' equal to 'cFish.io Daily Health Check'.  Verify the value of the property and retry.
[2025-03-13 01:57:54] [ERROR] Task 'cFish.io Daily Health Check' has never run or was not found
[2025-03-13 01:57:54] [INFO] Checking task: cFish.io Daily Backup
[2025-03-13 01:57:54] [ERROR] Failed to get information for task 'cFish.io Daily Backup': No MSFT_ScheduledTask objects found with property 'TaskName' equal to 'cFish.io Daily Backup'.  Verify the value of the property and retry.
[2025-03-13 01:57:54] [ERROR] Task 'cFish.io Daily Backup' has never run or was not found
[2025-03-13 01:57:54] [INFO] Successfully updated memory.md with monitoring results
[2025-03-13 01:57:54] [INFO] Scheduled task monitoring completed with 0 successes and 2 errors
[2025-03-13 02:00:29] [INFO] Starting scheduled task monitoring
[2025-03-13 02:00:29] [INFO] Checking task: cFish.io Daily Health Check
[2025-03-13 02:00:29] [ERROR] Failed to get information for task 'cFish.io Daily Health Check': No MSFT_ScheduledTask objects found with property 'TaskName' equal to 'cFish.io Daily Health Check'.  Verify the value of the property and retry.
[2025-03-13 02:00:29] [ERROR] Task 'cFish.io Daily Health Check' has never run or was not found
[2025-03-13 02:00:29] [INFO] Checking task: cFish.io Daily Backup
[2025-03-13 02:00:29] [ERROR] Failed to get information for task 'cFish.io Daily Backup': No MSFT_ScheduledTask objects found with property 'TaskName' equal to 'cFish.io Daily Backup'.  Verify the value of the property and retry.
[2025-03-13 02:00:29] [ERROR] Task 'cFish.io Daily Backup' has never run or was not found
[2025-03-13 02:00:29] [INFO] Successfully updated memory.md with monitoring results
[2025-03-13 02:00:29] [INFO] Scheduled task monitoring completed with 0 successes and 2 errors
