[2025-03-15 02:33:23] [INFO] Found 28 PowerShell scripts to process
[2025-03-15 02:33:23] [INFO] Processing script: C:\Users\Chris\cFish.io\U5-Data\Scripts\backup-critical-files.ps1
[2025-03-15 02:33:23] [INFO] Created backup: .\backups\backup-critical-files.ps1.bak
[2025-03-15 02:33:23] [INFO] Fixing markdown syntax in strings in backup-critical-files.ps1
[2025-03-15 02:33:23] [INFO] Fixed syntax issues in: C:\Users\Chris\cFish.io\U5-Data\Scripts\backup-critical-files.ps1
[2025-03-15 02:33:23] [INFO] Processing script: C:\Users\Chris\cFish.io\U5-Data\Scripts\begin-service-definition.ps1
[2025-03-15 02:33:23] [INFO] Created backup: .\backups\begin-service-definition.ps1.bak
[2025-03-15 02:33:23] [INFO] Fixing markdown syntax in strings in begin-service-definition.ps1
[2025-03-15 02:33:23] [INFO] Fixed syntax issues in: C:\Users\Chris\cFish.io\U5-Data\Scripts\begin-service-definition.ps1
[2025-03-15 02:33:23] [INFO] Processing script: C:\Users\Chris\cFish.io\U5-Data\Scripts\complete-documentation-reorganization-day3.ps1
[2025-03-15 02:33:23] [INFO] Created backup: .\backups\complete-documentation-reorganization-day3.ps1.bak
[2025-03-15 02:33:23] [INFO] Fixing markdown syntax in strings in complete-documentation-reorganization-day3.ps1
[2025-03-15 02:33:23] [INFO] Fixed syntax issues in: C:\Users\Chris\cFish.io\U5-Data\Scripts\complete-documentation-reorganization-day3.ps1
[2025-03-15 02:33:23] [INFO] Processing script: C:\Users\Chris\cFish.io\U5-Data\Scripts\continue-documentation-reorganization.ps1
[2025-03-15 02:33:23] [INFO] Created backup: .\backups\continue-documentation-reorganization.ps1.bak
[2025-03-15 02:33:23] [INFO] Fixing markdown syntax in strings in continue-documentation-reorganization.ps1
[2025-03-15 02:33:23] [INFO] Fixed syntax issues in: C:\Users\Chris\cFish.io\U5-Data\Scripts\continue-documentation-reorganization.ps1
[2025-03-15 02:33:23] [INFO] Processing script: C:\Users\Chris\cFish.io\U5-Data\Scripts\convert-md-to-json.ps1
[2025-03-15 02:33:23] [INFO] Created backup: .\backups\convert-md-to-json.ps1.bak
[2025-03-15 02:33:23] [INFO] Fixing markdown syntax in strings in convert-md-to-json.ps1
[2025-03-15 02:33:23] [INFO] Fixed syntax issues in: C:\Users\Chris\cFish.io\U5-Data\Scripts\convert-md-to-json.ps1
[2025-03-15 02:33:23] [INFO] Processing script: C:\Users\Chris\cFish.io\U5-Data\Scripts\create-department-memory-files.ps1
[2025-03-15 02:33:23] [INFO] Created backup: .\backups\create-department-memory-files.ps1.bak
[2025-03-15 02:33:23] [INFO] Fixing markdown syntax in strings in create-department-memory-files.ps1
[2025-03-15 02:33:23] [INFO] Fixed syntax issues in: C:\Users\Chris\cFish.io\U5-Data\Scripts\create-department-memory-files.ps1
[2025-03-15 02:33:23] [INFO] Processing script: C:\Users\Chris\cFish.io\U5-Data\Scripts\dmms-global-validation.ps1
[2025-03-15 02:33:23] [INFO] Created backup: .\backups\dmms-global-validation.ps1.bak
[2025-03-15 02:33:23] [INFO] Fixing markdown syntax in strings in dmms-global-validation.ps1
[2025-03-15 02:33:23] [INFO] Fixed syntax issues in: C:\Users\Chris\cFish.io\U5-Data\Scripts\dmms-global-validation.ps1
[2025-03-15 02:33:23] [INFO] Processing script: C:\Users\Chris\cFish.io\U5-Data\Scripts\dmms-performance-benchmark.ps1
[2025-03-15 02:33:23] [INFO] Created backup: .\backups\dmms-performance-benchmark.ps1.bak
[2025-03-15 02:33:23] [INFO] Fixing markdown syntax in strings in dmms-performance-benchmark.ps1
[2025-03-15 02:33:23] [INFO] Fixed syntax issues in: C:\Users\Chris\cFish.io\U5-Data\Scripts\dmms-performance-benchmark.ps1
[2025-03-15 02:33:23] [INFO] Processing script: C:\Users\Chris\cFish.io\U5-Data\Scripts\dmms-performance-optimization.ps1
[2025-03-15 02:33:23] [INFO] Created backup: .\backups\dmms-performance-optimization.ps1.bak
[2025-03-15 02:33:23] [INFO] Fixing markdown syntax in strings in dmms-performance-optimization.ps1
[2025-03-15 02:33:23] [INFO] Fixed syntax issues in: C:\Users\Chris\cFish.io\U5-Data\Scripts\dmms-performance-optimization.ps1
[2025-03-15 02:33:23] [INFO] Processing script: C:\Users\Chris\cFish.io\U5-Data\Scripts\dmms-security-enhancement.ps1
[2025-03-15 02:33:23] [INFO] Created backup: .\backups\dmms-security-enhancement.ps1.bak
[2025-03-15 02:33:23] [INFO] Fixing markdown syntax in strings in dmms-security-enhancement.ps1
[2025-03-15 02:33:23] [INFO] Fixed syntax issues in: C:\Users\Chris\cFish.io\U5-Data\Scripts\dmms-security-enhancement.ps1
[2025-03-15 02:33:23] [INFO] Processing script: C:\Users\Chris\cFish.io\U5-Data\Scripts\enhance-error-handling.ps1
[2025-03-15 02:33:23] [INFO] Created backup: .\backups\enhance-error-handling.ps1.bak
[2025-03-15 02:33:23] [INFO] Fixing markdown syntax in strings in enhance-error-handling.ps1
[2025-03-15 02:33:23] [INFO] Fixed syntax issues in: C:\Users\Chris\cFish.io\U5-Data\Scripts\enhance-error-handling.ps1
[2025-03-15 02:33:23] [INFO] Processing script: C:\Users\Chris\cFish.io\U5-Data\Scripts\enhance-service-documentation.ps1
[2025-03-15 02:33:23] [INFO] Created backup: .\backups\enhance-service-documentation.ps1.bak
[2025-03-15 02:33:23] [INFO] Fixing markdown syntax in strings in enhance-service-documentation.ps1
[2025-03-15 02:33:23] [INFO] Fixed syntax issues in: C:\Users\Chris\cFish.io\U5-Data\Scripts\enhance-service-documentation.ps1
[2025-03-15 02:33:23] [INFO] Processing script: C:\Users\Chris\cFish.io\U5-Data\Scripts\file-locking.ps1
[2025-03-15 02:33:23] [INFO] Created backup: .\backups\file-locking.ps1.bak
[2025-03-15 02:33:23] [INFO] Fixing markdown syntax in strings in file-locking.ps1
[2025-03-15 02:33:23] [INFO] Fixed syntax issues in: C:\Users\Chris\cFish.io\U5-Data\Scripts\file-locking.ps1
[2025-03-15 02:33:23] [INFO] Processing script: C:\Users\Chris\cFish.io\U5-Data\Scripts\Fix-IntegrityIssues.ps1
[2025-03-15 02:33:23] [INFO] Created backup: .\backups\Fix-IntegrityIssues.ps1.bak
[2025-03-15 02:33:23] [INFO] Fixing ternary operator in Fix-IntegrityIssues.ps1
[2025-03-15 02:33:24] [INFO] Fixing markdown syntax in strings in Fix-IntegrityIssues.ps1
[2025-03-15 02:33:24] [INFO] Fixed syntax issues in: C:\Users\Chris\cFish.io\U5-Data\Scripts\Fix-IntegrityIssues.ps1
[2025-03-15 02:33:24] [INFO] Processing script: C:\Users\Chris\cFish.io\U5-Data\Scripts\fix-powershell-syntax.ps1
[2025-03-15 02:33:24] [INFO] Created backup: .\backups\fix-powershell-syntax.ps1.bak
[2025-03-15 02:33:24] [INFO] Fixing ternary operator in fix-powershell-syntax.ps1
[2025-03-15 02:33:24] [INFO] Fixing markdown syntax in strings in fix-powershell-syntax.ps1
[2025-03-15 02:33:24] [INFO] Fixing path references in fix-powershell-syntax.ps1
[2025-03-15 02:33:24] [INFO] Fixed syntax issues in: C:\Users\Chris\cFish.io\U5-Data\Scripts\fix-powershell-syntax.ps1
[2025-03-15 02:33:24] [INFO] Processing script: C:\Users\Chris\cFish.io\U5-Data\Scripts\fix-variable-references.ps1
[2025-03-15 02:33:24] [INFO] Created backup: .\backups\fix-variable-references.ps1.bak
[2025-03-15 02:33:24] [INFO] Fixing markdown syntax in strings in fix-variable-references.ps1
[2025-03-15 02:33:24] [INFO] Fixed syntax issues in: C:\Users\Chris\cFish.io\U5-Data\Scripts\fix-variable-references.ps1
[2025-03-15 02:33:24] [INFO] Processing script: C:\Users\Chris\cFish.io\U5-Data\Scripts\memory-branches.ps1
[2025-03-15 02:33:24] [INFO] Created backup: .\backups\memory-branches.ps1.bak
[2025-03-15 02:33:24] [INFO] Fixing markdown syntax in strings in memory-branches.ps1
[2025-03-15 02:33:24] [INFO] Fixed syntax issues in: C:\Users\Chris\cFish.io\U5-Data\Scripts\memory-branches.ps1
[2025-03-15 02:33:24] [INFO] Processing script: C:\Users\Chris\cFish.io\U5-Data\Scripts\repair-integrity.ps1
[2025-03-15 02:33:24] [INFO] Created backup: .\backups\repair-integrity.ps1.bak
[2025-03-15 02:33:24] [INFO] Fixing markdown syntax in strings in repair-integrity.ps1
[2025-03-15 02:33:24] [INFO] Fixed syntax issues in: C:\Users\Chris\cFish.io\U5-Data\Scripts\repair-integrity.ps1
[2025-03-15 02:33:24] [INFO] Processing script: C:\Users\Chris\cFish.io\U5-Data\Scripts\scan-integrity.ps1
[2025-03-15 02:33:24] [INFO] Created backup: .\backups\scan-integrity.ps1.bak
[2025-03-15 02:33:24] [INFO] Fixing markdown syntax in strings in scan-integrity.ps1
[2025-03-15 02:33:24] [INFO] Fixed syntax issues in: C:\Users\Chris\cFish.io\U5-Data\Scripts\scan-integrity.ps1
[2025-03-15 02:33:24] [INFO] Processing script: C:\Users\Chris\cFish.io\U5-Data\Scripts\schedule-verification.ps1
[2025-03-15 02:33:24] [INFO] Created backup: .\backups\schedule-verification.ps1.bak
[2025-03-15 02:33:24] [INFO] Fixing markdown syntax in strings in schedule-verification.ps1
[2025-03-15 02:33:24] [INFO] Fixed syntax issues in: C:\Users\Chris\cFish.io\U5-Data\Scripts\schedule-verification.ps1
[2025-03-15 02:33:24] [INFO] Processing script: C:\Users\Chris\cFish.io\U5-Data\Scripts\simple-backup.ps1
[2025-03-15 02:33:24] [INFO] Created backup: .\backups\simple-backup.ps1.bak
[2025-03-15 02:33:24] [INFO] Fixing markdown syntax in strings in simple-backup.ps1
[2025-03-15 02:33:24] [INFO] Fixed syntax issues in: C:\Users\Chris\cFish.io\U5-Data\Scripts\simple-backup.ps1
[2025-03-15 02:33:24] [INFO] Processing script: C:\Users\Chris\cFish.io\U5-Data\Scripts\simple-verify.ps1
[2025-03-15 02:33:24] [INFO] Created backup: .\backups\simple-verify.ps1.bak
[2025-03-15 02:33:24] [INFO] Fixing markdown syntax in strings in simple-verify.ps1
[2025-03-15 02:33:24] [INFO] Fixed syntax issues in: C:\Users\Chris\cFish.io\U5-Data\Scripts\simple-verify.ps1
[2025-03-15 02:33:24] [INFO] Processing script: C:\Users\Chris\cFish.io\U5-Data\Scripts\sync-bidirectional.ps1
[2025-03-15 02:33:24] [INFO] Created backup: .\backups\sync-bidirectional.ps1.bak
[2025-03-15 02:33:24] [INFO] Fixing ternary operator in sync-bidirectional.ps1
[2025-03-15 02:33:24] [INFO] Fixing markdown syntax in strings in sync-bidirectional.ps1
[2025-03-15 02:33:24] [INFO] Fixed syntax issues in: C:\Users\Chris\cFish.io\U5-Data\Scripts\sync-bidirectional.ps1
[2025-03-15 02:33:24] [INFO] Processing script: C:\Users\Chris\cFish.io\U5-Data\Scripts\sync-memory-files.ps1
[2025-03-15 02:33:24] [INFO] Created backup: .\backups\sync-memory-files.ps1.bak
[2025-03-15 02:33:24] [INFO] Fixing markdown syntax in strings in sync-memory-files.ps1
[2025-03-15 02:33:24] [INFO] Fixed syntax issues in: C:\Users\Chris\cFish.io\U5-Data\Scripts\sync-memory-files.ps1
[2025-03-15 02:33:24] [INFO] Processing script: C:\Users\Chris\cFish.io\U5-Data\Scripts\verify-critical-files.ps1
[2025-03-15 02:33:24] [INFO] Created backup: .\backups\verify-critical-files.ps1.bak
[2025-03-15 02:33:24] [INFO] Fixing markdown syntax in strings in verify-critical-files.ps1
[2025-03-15 02:33:24] [INFO] Fixed syntax issues in: C:\Users\Chris\cFish.io\U5-Data\Scripts\verify-critical-files.ps1
[2025-03-15 02:33:24] [INFO] Processing script: C:\Users\Chris\cFish.io\U5-Data\Scripts\verify-directory-structure.ps1
[2025-03-15 02:33:24] [INFO] Created backup: .\backups\verify-directory-structure.ps1.bak
[2025-03-15 02:33:24] [INFO] Fixing markdown syntax in strings in verify-directory-structure.ps1
[2025-03-15 02:33:24] [INFO] Fixed syntax issues in: C:\Users\Chris\cFish.io\U5-Data\Scripts\verify-directory-structure.ps1
[2025-03-15 02:33:24] [INFO] Processing script: C:\Users\Chris\cFish.io\U5-Data\Scripts\version-history.ps1
[2025-03-15 02:33:24] [INFO] Created backup: .\backups\version-history.ps1.bak
[2025-03-15 02:33:24] [INFO] Fixing markdown syntax in strings in version-history.ps1
[2025-03-15 02:33:24] [INFO] Fixed syntax issues in: C:\Users\Chris\cFish.io\U5-Data\Scripts\version-history.ps1
[2025-03-15 02:33:24] [INFO] Processing script: C:\Users\Chris\cFish.io\U5-Data\Scripts\wordpress-environment-setup.ps1
[2025-03-15 02:33:24] [INFO] Created backup: .\backups\wordpress-environment-setup.ps1.bak
[2025-03-15 02:33:24] [INFO] Fixing markdown syntax in strings in wordpress-environment-setup.ps1
[2025-03-15 02:33:24] [INFO] Fixed syntax issues in: C:\Users\Chris\cFish.io\U5-Data\Scripts\wordpress-environment-setup.ps1
[2025-03-15 02:33:24] [INFO] ===== Summary =====
[2025-03-15 02:33:24] [INFO] Total scripts processed: 28
[2025-03-15 02:33:24] [INFO] Scripts with fixes applied: 28
[2025-03-15 02:33:24] [INFO] Errors encountered: 0
[2025-03-15 02:33:24] [INFO] Completed successfully. See log file for details: .\fix-powershell-syntax.log
