[010735] [INFO] ===== cFish.io Daily Backup - 010735 =====
[010735] [INFO] Executing backup types: Daily
[010735] [INFO] Starting Daily backup...
[010735] [INFO] Backed up directory: md -> backups\daily\20250313\md-20250313.zip
[010735] [INFO] Backed up directory: json -> backups\daily\20250313\json-20250313.zip
[010735] [INFO] Backed up directory: src -> backups\daily\20250313\src-20250313.zip
[010735] [INFO] Backed up directory: sync-system\config -> backups\daily\20250313\config-20250313.zip
[010735] [INFO] Backed up file: memory.md -> backups\daily\20250313\memory.md
[010735] [INFO] Backed up file: changelog.md -> backups\daily\20250313\changelog.md
[010735] [INFO] ===== Backup Complete: 6 items backed up with 0 errors =====
[010735] [INFO] Updated memory.md with backup summary
[011805] [INFO] ===== cFish.io Daily Backup - 011805 =====
[011805] [INFO] Executing backup types: Daily
[011805] [INFO] Starting Daily backup...
[013757] [INFO] ===== cFish.io Daily Backup - 013757 =====
[013757] [INFO] Executing backup types: Daily
[013757] [INFO] Starting Daily backup...
[013757] [INFO] Backed up directory: md -> backups\daily\20250313\md-20250313.zip
[013757] [INFO] Backed up directory: json -> backups\daily\20250313\json-20250313.zip
[013757] [INFO] Backed up directory: src -> backups\daily\20250313\src-20250313.zip
[013757] [INFO] Backed up directory: sync-system\config -> backups\daily\20250313\config-20250313.zip
[013757] [INFO] Backed up file: memory.md -> backups\daily\20250313\memory.md
[013757] [INFO] Backed up file: changelog.md -> backups\daily\20250313\changelog.md
[013757] [INFO] ===== Backup Complete: 6 items backed up with 0 errors =====
[013757] [INFO] Updated memory.md with backup summary
