[2025-03-12T02:12:00.000Z] [INFO] 🚀 Starting Markdown-JSON two-way synchronization
[2025-03-12T02:12:00.123Z] [INFO] ✅ Loaded configuration from file
[2025-03-12T02:12:00.234Z] [INFO] 🔐 Delta Agent: Initializing safety manager
[2025-03-12T02:12:00.345Z] [INFO] ✅ Delta Agent: Backup directory ready at ./backups
[2025-03-12T02:12:00.456Z] [INFO] ✅ Delta Agent: Safety manager initialized
[2025-03-12T02:12:00.567Z] [INFO] 🔍 Gamma Agent: Initializing conflict resolver
[2025-03-12T02:12:00.678Z] [INFO] ℹ️ Gamma Agent: Using timestamp resolution method
[2025-03-12T02:12:00.789Z] [INFO] ✅ Gamma Agent: Conflict resolver initialized
[2025-03-12T02:12:00.890Z] [INFO] 🔄 Beta Agent: Initializing content transformer
[2025-03-12T02:12:01.001Z] [INFO] ✅ Beta Agent: Content transformer initialized
[2025-03-12T02:12:01.112Z] [INFO] 🔍 Alpha Agent: Initializing file monitoring system
[2025-03-12T02:12:01.223Z] [INFO] 🔍 Alpha Agent: Setting up monitoring for workspace: C:\Users\Chris\cFish.io
[2025-03-12T02:12:01.334Z] [INFO] ✅ Alpha Agent: Workspace monitoring setup complete
[2025-03-12T02:12:01.445Z] [INFO] ✅ Alpha Agent: File monitoring system initialized
[2025-03-12T02:12:01.556Z] [INFO] ⚙️ Conflict resolution method: timestamp
[2025-03-12T02:12:01.667Z] [INFO] 🔍 Watching for file changes (two-way sync)...
[2025-03-12T02:12:10.123Z] [INFO] 📄 File change detected: docs/sync-test.md (change)
[2025-03-12T02:12:10.234Z] [INFO] 🔄 Beta Agent: Converting docs/sync-test.md from Markdown to JSON
[2025-03-12T02:12:10.345Z] [INFO] ✅ Beta Agent: Successfully converted docs/sync-test.md to JSON
[2025-03-12T02:12:20.456Z] [INFO] 📄 File change detected: docs/json/md-json-sync-improvements.json (change)
[2025-03-12T02:12:20.567Z] [INFO] 🔍 Gamma Agent: Evaluating synchronization from docs/json/md-json-sync-improvements.json to docs/md-json-sync-improvements.md
[2025-03-12T02:12:20.678Z] [INFO] ℹ️ Gamma Agent: Source docs/json/md-json-sync-improvements.json is newer, proceeding with synchronization
[2025-03-12T02:12:20.789Z] [INFO] 🔄 Beta Agent: Converting docs/json/md-json-sync-improvements.json from JSON to Markdown
[2025-03-12T02:12:20.890Z] [INFO] ✅ Beta Agent: Successfully converted docs/json/md-json-sync-improvements.json to Markdown 