[2025-03-13 01:18:05] [INFO] ===== cFish.io File Migration - 2025-03-13 01:18:05 =====
[2025-03-13 01:18:05] [INFO] Creating backup before migration...
[2025-03-13 01:37:16] [INFO] ===== cFish.io File Migration - 2025-03-13 01:37:16 =====
[2025-03-13 01:37:16] [WARNING] RUNNING IN SIMULATION MODE - No changes will be made
[2025-03-13 01:37:16] [INFO] Starting migration of 3 files...
[2025-03-13 01:37:16] [INFO] Migrating: Sync system debug log (sync-system/tydisync-debug.log)
[2025-03-13 01:37:16] [INFO] Created directory: logs\sync-system
[2025-03-13 01:37:16] [INFO] SIMULATION: Would migrate: sync-system/tydisync-debug.log -> logs/sync-system/tyf-u5.1-tydisync-debug-20250313.log
[2025-03-13 01:37:16] [INFO] Migrating: PowerShell cross-platform documentation (tydisync-powershell-cross-platform-summary.md)
[2025-03-13 01:37:16] [INFO] SIMULATION: Would migrate: tydisync-powershell-cross-platform-summary.md -> docs/procedures/tyf-u2.4-powershell-cross-platform-summary-20250313.md
[2025-03-13 01:37:16] [INFO] Migrating: Assessment phase startup script (start-assessment-phase.bat)
[2025-03-13 01:37:16] [INFO] SIMULATION: Would migrate: start-assessment-phase.bat -> tools/ucf-u5.4-start-assessment-phase-20250313.bat
[2025-03-13 01:37:16] [INFO] ===== Migration Complete: 0 successful, 0 errors =====
[2025-03-13 01:37:57] [INFO] ===== cFish.io File Migration - 2025-03-13 01:37:57 =====
[2025-03-13 01:37:57] [INFO] Creating backup before migration...
[2025-03-13 01:37:57] [SUCCESS] Backup completed successfully
[2025-03-13 01:37:57] [INFO] Starting migration of 3 files...
[2025-03-13 01:37:57] [INFO] Migrating: Sync system debug log (sync-system/tydisync-debug.log)
[2025-03-13 01:37:57] [INFO] Created directory: logs\sync-system
[2025-03-13 01:37:57] [SUCCESS] Successfully migrated: sync-system/tydisync-debug.log -> logs/sync-system/tyf-u5.1-tydisync-debug-20250313.log
[2025-03-13 01:37:57] [INFO] Migrating: PowerShell cross-platform documentation (tydisync-powershell-cross-platform-summary.md)
[2025-03-13 01:37:57] [SUCCESS] Successfully migrated: tydisync-powershell-cross-platform-summary.md -> docs/procedures/tyf-u2.4-powershell-cross-platform-summary-20250313.md
[2025-03-13 01:37:57] [INFO] Migrating: Assessment phase startup script (start-assessment-phase.bat)
[2025-03-13 01:37:57] [SUCCESS] Successfully migrated: start-assessment-phase.bat -> tools/ucf-u5.4-start-assessment-phase-20250313.bat
[2025-03-13 01:37:57] [INFO] ===== Migration Complete: 4 successful, 0 errors =====
[2025-03-13 01:37:57] [INFO] Running health check...
