[2025-03-13 02:15:13] [INFO] Starting sync system verification
[2025-03-13 02:15:13] [WARNING] Sync system is not running, attempting to start it
[2025-03-13 02:15:13] [INFO] Starting sync system...
[2025-03-13 02:15:13] [ERROR] Timeout waiting for sync system to start
[2025-03-13 02:15:13] [ERROR] Failed to start sync system
[2025-03-13 02:15:13] [INFO] State file exists: sync-status.json
[2025-03-13 02:15:13] [INFO] State file exists: last-sync.timestamp
[2025-03-13 02:15:13] [INFO] State file exists: active-files.json
[2025-03-13 02:15:13] [INFO] All required state files exist
[2025-03-13 02:15:13] [INFO] Added test string to memory.md
[2025-03-13 02:15:13] [ERROR] Sync test failed for memory.md -> sync-system\json\memory.json: JSON file not found
[2025-03-13 02:15:13] [INFO] Restored original content to memory.md
[2025-03-13 02:15:13] [INFO] Added test string to changelog.md
[2025-03-13 02:15:13] [ERROR] Sync test failed for changelog.md -> sync-system\json\changelog.json: JSON file not found
[2025-03-13 02:15:13] [INFO] Restored original content to changelog.md
[2025-03-13 02:15:13] [ERROR] Sync functionality test failed
[2025-03-13 02:15:13] [ERROR] Failed to update memory.md: Cannot find path 'C:\Users\Chris\memory.md' because it does not exist.
[2025-03-13 02:15:13] [INFO] Sync system verification completed with 1 successes and 2 errors
[2025-03-13 02:18:26] [INFO] Starting sync system verification
[2025-03-13 02:18:26] [WARNING] Sync system is not running, attempting to start it
[2025-03-13 02:18:26] [INFO] Starting sync system...
[2025-03-13 02:18:26] [ERROR] Timeout waiting for sync system to start
[2025-03-13 02:18:26] [ERROR] Failed to start sync system
[2025-03-13 02:18:26] [INFO] State file exists: sync-status.json
[2025-03-13 02:18:26] [INFO] State file exists: last-sync.timestamp
[2025-03-13 02:18:26] [INFO] State file exists: active-files.json
[2025-03-13 02:18:26] [INFO] All required state files exist
[2025-03-13 02:18:26] [INFO] Added test string to memory.md
[2025-03-13 02:18:26] [INFO] Sync test passed for memory.md -> sync-system\json\memory.json
[2025-03-13 02:18:26] [INFO] Restored original content to memory.md
[2025-03-13 02:18:26] [INFO] Added test string to changelog.md
[2025-03-13 02:18:26] [INFO] Sync test passed for changelog.md -> sync-system\json\changelog.json
[2025-03-13 02:18:26] [INFO] Restored original content to changelog.md
[2025-03-13 02:18:26] [INFO] Sync functionality test passed
[2025-03-13 02:18:26] [INFO] Successfully updated memory.md with verification results
[2025-03-13 02:18:26] [INFO] Sync system verification completed with 2 successes and 1 errors
[2025-03-13 02:20:49] [INFO] Starting sync system verification
[2025-03-13 02:20:49] [WARNING] Sync system is not running, attempting to start it
[2025-03-13 02:20:49] [INFO] Starting sync system...
[2025-03-13 02:20:49] [ERROR] Timeout waiting for sync system to start
[2025-03-13 02:20:49] [ERROR] Failed to start sync system
[2025-03-13 02:20:49] [INFO] State file exists: sync-status.json
[2025-03-13 02:20:49] [INFO] State file exists: last-sync.timestamp
[2025-03-13 02:20:49] [INFO] State file exists: active-files.json
[2025-03-13 02:20:49] [INFO] All required state files exist
[2025-03-13 02:20:49] [INFO] Added test string to memory.md
[2025-03-13 02:20:49] [INFO] Sync test passed for memory.md -> sync-system\json\memory.json
[2025-03-13 02:20:49] [INFO] Restored original content to memory.md
[2025-03-13 02:20:49] [INFO] Added test string to changelog.md
[2025-03-13 02:20:49] [INFO] Sync test passed for changelog.md -> sync-system\json\changelog.json
[2025-03-13 02:20:49] [INFO] Restored original content to changelog.md
[2025-03-13 02:20:49] [INFO] Sync functionality test passed
[2025-03-13 02:20:49] [INFO] Successfully updated memory.md with verification results
[2025-03-13 02:20:49] [INFO] Sync system verification completed with 2 successes and 1 errors
[2025-03-13 02:25:52] [INFO] Starting sync system verification
[2025-03-13 02:25:52] [WARNING] Sync system is not running, attempting to start it
[2025-03-13 02:25:52] [INFO] Starting sync system...
[2025-03-13 02:25:52] [ERROR] Timeout waiting for sync system to start
[2025-03-13 02:25:52] [ERROR] Failed to start sync system
[2025-03-13 02:25:52] [INFO] State file exists: sync-status.json
[2025-03-13 02:25:52] [INFO] State file exists: last-sync.timestamp
[2025-03-13 02:25:52] [INFO] State file exists: active-files.json
[2025-03-13 02:25:52] [INFO] All required state files exist
[2025-03-13 02:25:52] [INFO] Added test string to memory.md
[2025-03-13 02:25:52] [INFO] Sync test passed for memory.md -> sync-system\json\memory.json
[2025-03-13 02:25:52] [INFO] Restored original content to memory.md
[2025-03-13 02:25:52] [INFO] Added test string to changelog.md
[2025-03-13 02:25:52] [INFO] Sync test passed for changelog.md -> sync-system\json\changelog.json
[2025-03-13 02:25:52] [INFO] Restored original content to changelog.md
[2025-03-13 02:25:52] [INFO] Sync functionality test passed
[2025-03-13 02:25:52] [INFO] Successfully updated memory.md with verification results
[2025-03-13 02:25:52] [INFO] Sync system verification completed with 2 successes and 1 errors
