[DEBUG][2025-03-12T12:50:33.135Z] MdJsonSync constructor called with config:
{
  "watchDirectories": {
    "markdown": [
      ".",
      "docs",
      "sync-system/docs"
    ],
    "json": [
      "json"
    ]
  },
  "exclusions": [
    "node_modules/**",
    ".git/**",
    "logs/**",
    "backups/**",
    "**/*.lock",
    "**/*.nosync",
    "**/*.backup"
  ],
  "debounceTime": 1000,
  "backupSettings": {
    "enabled": true,
    "backupDir": "backups",
    "maxBackups": 5,
    "rotationEnabled": true
  },
  "performanceSettings": {
    "batchProcessingEnabled": true,
    "batchSize": 3,
    "batchTimeout": 3000,
    "throttlingEnabled": true,
    "maxConcurrentTasks": 2,
    "throttleDelay": 1000
  },
  "errorRecoverySettings": {
    "enabled": true,
    "retryEnabled": true,
    "maxRetries": 3,
    "initialRetryDelay": 1000,
    "retryBackoffMultiplier": 2,
    "retryQueueProcessInterval": 10000,
    "autoRecoveryEnabled": true,
    "recoveryStrategies": [
      "backupRestore",
      "partialSync",
      "recreate"
    ]
  },
  "uiSettings": {
    "enabled": true,
    "statusFilePath": "sync-system/state/md-json-sync-status.json",
    "statusUpdateInterval": 5000,
    "notificationsEnabled": true,
    "notificationsFilePath": "sync-system/state/md-json-sync-notifications.json",
    "maxNotifications": 100,
    "consoleIndicatorsEnabled": true
  },
  "memoryOptimizationSettings": {
    "memoryWarningThreshold": 60,
    "memoryCriticalThreshold": 80,
    "memoryCheckInterval": 5000,
    "enableAutoGC": true,
    "streamChunkSize": 65536
  },
  "memoryWarningThreshold": 60,
  "memoryCriticalThreshold": 80,
  "memoryCheckInterval": 5000,
  "enableAutoGC": true,
  "streamChunkSize": 65536,
  "autoRestartOnCrash": true,
  "maxRestarts": 3,
  "restartDelay": 5000,
  "stateDirectory": "C:\\Users\\Chris\\cFish.io\\sync-system\\state",
  "logDirectory": "C:\\Users\\Chris\\cFish.io\\logs"
}
[DEBUG][2025-03-12T12:50:33.148Z] Configured watch directories:
{
  "markdown": [
    ".",
    "docs",
    "sync-system/docs"
  ],
  "json": [
    "json"
  ]
}
[DEBUG][2025-03-12T12:50:33.152Z] Performance settings:
{
  "batchProcessingEnabled": true,
  "batchSize": 3,
  "batchTimeout": 3000,
  "throttlingEnabled": true,
  "maxConcurrentTasks": 2,
  "throttleDelay": 1000
}
[DEBUG][2025-03-12T12:50:33.156Z] Error recovery settings:
{
  "enabled": true,
  "retryEnabled": true,
  "maxRetries": 3,
  "initialRetryDelay": 1000,
  "retryBackoffMultiplier": 2,
  "retryQueueProcessInterval": 10000,
  "autoRecoveryEnabled": true,
  "recoveryStrategies": [
    "backupRestore",
    "partialSync",
    "recreate"
  ]
}
[DEBUG][2025-03-12T12:50:33.160Z] User interface settings:
{
  "enabled": true,
  "statusFilePath": "sync-system/state/md-json-sync-status.json",
  "statusUpdateInterval": 5000,
  "notificationsEnabled": true,
  "notificationsFilePath": "sync-system/state/md-json-sync-notifications.json",
  "maxNotifications": 100,
  "consoleIndicatorsEnabled": true
}
[DEBUG][2025-03-12T12:50:33.169Z] 🔍 Starting MdJsonSync watcher
[DEBUG][2025-03-12T12:50:33.170Z] Verifying watch directories exist:
[DEBUG][2025-03-12T12:50:33.171Z] ✅ Markdown directory exists: .
[DEBUG][2025-03-12T12:50:33.172Z] ✅ Markdown directory exists: docs
[DEBUG][2025-03-12T12:50:33.173Z] ⚠️ Markdown directory does not exist: sync-system/docs
[DEBUG][2025-03-12T12:50:33.174Z] ⚠️ JSON directory does not exist: json
[DEBUG][2025-03-12T12:50:33.175Z] ✅ Created JSON directory: json
[DEBUG][2025-03-12T12:50:33.177Z] Setting up watcher for markdown directory: .
[DEBUG][2025-03-12T12:50:33.178Z] Watch pattern for Markdown: **\*.md
[DEBUG][2025-03-12T12:50:33.193Z] Setting up watcher for markdown directory: docs
[DEBUG][2025-03-12T12:50:33.194Z] Watch pattern for Markdown: docs\**\*.md
[DEBUG][2025-03-12T12:50:33.198Z] Setting up watcher for JSON directory: json
[DEBUG][2025-03-12T12:50:33.199Z] Watch pattern for JSON: json\**\*.json
[DEBUG][2025-03-12T12:50:33.201Z] Starting retry queue processor
[DEBUG][2025-03-12T12:50:33.202Z] Retry queue processor scheduled to run every 10000ms
[DEBUG][2025-03-12T12:50:33.203Z] Starting status updater
[DEBUG][2025-03-12T12:50:33.205Z] Error updating status file:
{
  "errno": -4058,
  "code": "ENOENT",
  "syscall": "open",
  "path": "C:\\Users\\Chris\\cFish.io\\sync-system\\sync-system\\state\\md-json-sync-status.json"
}
[DEBUG][2025-03-12T12:50:33.206Z] Status updater scheduled to run every 5000ms
[DEBUG][2025-03-12T12:50:33.207Z] Added notification: System Started
[DEBUG][2025-03-12T12:50:33.208Z] Error updating notifications file:
{
  "errno": -4058,
  "code": "ENOENT",
  "syscall": "open",
  "path": "C:\\Users\\Chris\\cFish.io\\sync-system\\sync-system\\state\\md-json-sync-notifications.json"
}
[DEBUG][2025-03-12T12:50:33.228Z] JSON watcher ready, watching paths:
{
  "C:\\Users\\Chris\\cFish.io\\sync-system": [
    "json"
  ],
  "C:\\Users\\Chris\\cFish.io\\sync-system\\json": [],
  "C:\\Users\\Chris\\cFish.io\\sync-system\\json\\**\\*.json": []
}
[DEBUG][2025-03-12T12:50:33.242Z] Markdown file detected: README.md
[DEBUG][2025-03-12T12:50:33.245Z] Markdown file detected: docs\memory-optimization.md
[DEBUG][2025-03-12T12:50:33.246Z] Markdown watcher ready, watching paths:
{
  "C:\\Users\\Chris\\cFish.io\\sync-system": [
    "docs"
  ],
  "C:\\Users\\Chris\\cFish.io\\sync-system\\docs": [
    "memory-optimization.md"
  ],
  "C:\\Users\\Chris\\cFish.io\\sync-system\\docs\\**\\*.md": []
}
[DEBUG][2025-03-12T12:50:33.295Z] Markdown file detected: docs\memory-optimization.md
[DEBUG][2025-03-12T12:50:33.298Z] Markdown file detected: tests\test-doc.md
[DEBUG][2025-03-12T12:50:33.300Z] Markdown file detected: tests\test-manual-run.md
[DEBUG][2025-03-12T12:50:33.302Z] Markdown file detected: tests\test-restart-sync.md
[DEBUG][2025-03-12T12:50:33.303Z] Markdown file detected: tests\test-sync.md
[DEBUG][2025-03-12T12:50:33.393Z] Markdown watcher ready, watching paths:
{
  "C:\\Users\\Chris\\cFish.io\\sync-system": [
    "README.md",
    "agents",
    "config",
    "core",
    "docs",
    "json",
    "state",
    "tests",
    "utils"
  ],
  "C:\\Users\\Chris\\cFish.io\\sync-system\\**\\*.md": [],
  "C:\\Users\\Chris\\cFish.io\\sync-system\\agents": [],
  "C:\\Users\\Chris\\cFish.io\\sync-system\\config": [],
  "C:\\Users\\Chris\\cFish.io\\sync-system\\core": [],
  "C:\\Users\\Chris\\cFish.io\\sync-system\\docs": [
    "memory-optimization.md"
  ],
  "C:\\Users\\Chris\\cFish.io\\sync-system\\json": [],
  "C:\\Users\\Chris\\cFish.io\\sync-system\\state": [],
  "C:\\Users\\Chris\\cFish.io\\sync-system\\tests": [
    "test-doc.md",
    "test-manual-run.md",
    "test-restart-sync.md",
    "test-sync.md"
  ],
  "C:\\Users\\Chris\\cFish.io\\sync-system\\utils": []
}
[DEBUG][2025-03-12T12:50:35.257Z] Initial startup sequence completed
[DEBUG][2025-03-12T12:50:35.260Z] 🛡️ Error recovery system enabled
[DEBUG][2025-03-12T12:50:35.300Z] Retry settings: max 3 retries with 1000ms initial delay
[DEBUG][2025-03-12T12:50:35.318Z] 🖥️ User interface system enabled
[DEBUG][2025-03-12T12:50:35.399Z] Status updates every 5000ms to sync-system/state/md-json-sync-status.json
[DEBUG][2025-03-12T12:50:35.430Z] Error updating status file:
{
  "errno": -4058,
  "code": "ENOENT",
  "syscall": "open",
  "path": "C:\\Users\\Chris\\cFish.io\\sync-system\\sync-system\\state\\md-json-sync-status.json"
}
[DEBUG][2025-03-12T12:50:38.228Z] Error updating status file:
{
  "errno": -4058,
  "code": "ENOENT",
  "syscall": "open",
  "path": "C:\\Users\\Chris\\cFish.io\\sync-system\\sync-system\\state\\md-json-sync-status.json"
}
[DEBUG][2025-03-12T12:50:43.231Z] Error updating status file:
{
  "errno": -4058,
  "code": "ENOENT",
  "syscall": "open",
  "path": "C:\\Users\\Chris\\cFish.io\\sync-system\\sync-system\\state\\md-json-sync-status.json"
}
[DEBUG][2025-03-12T12:50:48.244Z] Error updating status file:
{
  "errno": -4058,
  "code": "ENOENT",
  "syscall": "open",
  "path": "C:\\Users\\Chris\\cFish.io\\sync-system\\sync-system\\state\\md-json-sync-status.json"
}
[DEBUG][2025-03-12T12:50:53.245Z] Error updating status file:
{
  "errno": -4058,
  "code": "ENOENT",
  "syscall": "open",
  "path": "C:\\Users\\Chris\\cFish.io\\sync-system\\sync-system\\state\\md-json-sync-status.json"
}
[DEBUG][2025-03-12T12:50:58.257Z] Error updating status file:
{
  "errno": -4058,
  "code": "ENOENT",
  "syscall": "open",
  "path": "C:\\Users\\Chris\\cFish.io\\sync-system\\sync-system\\state\\md-json-sync-status.json"
}
[DEBUG][2025-03-12T12:51:03.266Z] Error updating status file:
{
  "errno": -4058,
  "code": "ENOENT",
  "syscall": "open",
  "path": "C:\\Users\\Chris\\cFish.io\\sync-system\\sync-system\\state\\md-json-sync-status.json"
}
[DEBUG][2025-03-12T12:51:08.270Z] Error updating status file:
{
  "errno": -4058,
  "code": "ENOENT",
  "syscall": "open",
  "path": "C:\\Users\\Chris\\cFish.io\\sync-system\\sync-system\\state\\md-json-sync-status.json"
}
[DEBUG][2025-03-12T12:51:13.276Z] Error updating status file:
{
  "errno": -4058,
  "code": "ENOENT",
  "syscall": "open",
  "path": "C:\\Users\\Chris\\cFish.io\\sync-system\\sync-system\\state\\md-json-sync-status.json"
}
[DEBUG][2025-03-12T12:51:18.279Z] Error updating status file:
{
  "errno": -4058,
  "code": "ENOENT",
  "syscall": "open",
  "path": "C:\\Users\\Chris\\cFish.io\\sync-system\\sync-system\\state\\md-json-sync-status.json"
}
[DEBUG][2025-03-12T12:51:23.282Z] Error updating status file:
{
  "errno": -4058,
  "code": "ENOENT",
  "syscall": "open",
  "path": "C:\\Users\\Chris\\cFish.io\\sync-system\\sync-system\\state\\md-json-sync-status.json"
}
[DEBUG][2025-03-12T12:51:28.297Z] Error updating status file:
{
  "errno": -4058,
  "code": "ENOENT",
  "syscall": "open",
  "path": "C:\\Users\\Chris\\cFish.io\\sync-system\\sync-system\\state\\md-json-sync-status.json"
}
[DEBUG][2025-03-12T12:51:33.302Z] Error updating status file:
{
  "errno": -4058,
  "code": "ENOENT",
  "syscall": "open",
  "path": "C:\\Users\\Chris\\cFish.io\\sync-system\\sync-system\\state\\md-json-sync-status.json"
}
[DEBUG][2025-03-12T12:51:55.859Z] MdJsonSync constructor called with config:
{
  "watchDirectories": {
    "markdown": [
      ".",
      "docs",
      "sync-system/docs"
    ],
    "json": [
      "json"
    ]
  },
  "exclusions": [
    "node_modules/**",
    ".git/**",
    "logs/**",
    "backups/**",
    "**/*.lock",
    "**/*.nosync",
    "**/*.backup"
  ],
  "debounceTime": 1000,
  "backupSettings": {
    "enabled": true,
    "backupDir": "backups",
    "maxBackups": 5,
    "rotationEnabled": true
  },
  "performanceSettings": {
    "batchProcessingEnabled": true,
    "batchSize": 3,
    "batchTimeout": 3000,
    "throttlingEnabled": true,
    "maxConcurrentTasks": 2,
    "throttleDelay": 1000
  },
  "errorRecoverySettings": {
    "enabled": true,
    "retryEnabled": true,
    "maxRetries": 3,
    "initialRetryDelay": 1000,
    "retryBackoffMultiplier": 2,
    "retryQueueProcessInterval": 10000,
    "autoRecoveryEnabled": true,
    "recoveryStrategies": [
      "backupRestore",
      "partialSync",
      "recreate"
    ]
  },
  "uiSettings": {
    "enabled": true,
    "statusFilePath": "sync-system/state/md-json-sync-status.json",
    "statusUpdateInterval": 5000,
    "notificationsEnabled": true,
    "notificationsFilePath": "sync-system/state/md-json-sync-notifications.json",
    "maxNotifications": 100,
    "consoleIndicatorsEnabled": true
  },
  "memoryOptimizationSettings": {
    "memoryWarningThreshold": 60,
    "memoryCriticalThreshold": 80,
    "memoryCheckInterval": 5000,
    "enableAutoGC": true,
    "streamChunkSize": 65536
  },
  "memoryWarningThreshold": 60,
  "memoryCriticalThreshold": 80,
  "memoryCheckInterval": 5000,
  "enableAutoGC": true,
  "streamChunkSize": 65536,
  "autoRestartOnCrash": true,
  "maxRestarts": 3,
  "restartDelay": 5000,
  "stateDirectory": "C:\\Users\\Chris\\cFish.io\\sync-system\\state",
  "logDirectory": "C:\\Users\\Chris\\cFish.io\\logs"
}
[DEBUG][2025-03-12T12:51:55.871Z] Configured watch directories:
{
  "markdown": [
    ".",
    "docs",
    "sync-system/docs"
  ],
  "json": [
    "json"
  ]
}
[DEBUG][2025-03-12T12:51:55.882Z] Performance settings:
{
  "batchProcessingEnabled": true,
  "batchSize": 3,
  "batchTimeout": 3000,
  "throttlingEnabled": true,
  "maxConcurrentTasks": 2,
  "throttleDelay": 1000
}
[DEBUG][2025-03-12T12:51:55.921Z] Error recovery settings:
{
  "enabled": true,
  "retryEnabled": true,
  "maxRetries": 3,
  "initialRetryDelay": 1000,
  "retryBackoffMultiplier": 2,
  "retryQueueProcessInterval": 10000,
  "autoRecoveryEnabled": true,
  "recoveryStrategies": [
    "backupRestore",
    "partialSync",
    "recreate"
  ]
}
[DEBUG][2025-03-12T12:51:55.929Z] User interface settings:
{
  "enabled": true,
  "statusFilePath": "sync-system/state/md-json-sync-status.json",
  "statusUpdateInterval": 5000,
  "notificationsEnabled": true,
  "notificationsFilePath": "sync-system/state/md-json-sync-notifications.json",
  "maxNotifications": 100,
  "consoleIndicatorsEnabled": true
}
[DEBUG][2025-03-12T12:51:55.967Z] 🔍 Starting MdJsonSync watcher
[DEBUG][2025-03-12T12:51:55.971Z] Verifying watch directories exist:
[DEBUG][2025-03-12T12:51:55.978Z] ✅ Markdown directory exists: .
[DEBUG][2025-03-12T12:51:55.983Z] ✅ Markdown directory exists: docs
[DEBUG][2025-03-12T12:51:56.004Z] ⚠️ Markdown directory does not exist: sync-system/docs
[DEBUG][2025-03-12T12:51:56.008Z] ✅ JSON directory exists: json
[DEBUG][2025-03-12T12:51:56.012Z] Setting up watcher for markdown directory: .
[DEBUG][2025-03-12T12:51:56.016Z] Watch pattern for Markdown: **\*.md
[DEBUG][2025-03-12T12:51:56.105Z] Setting up watcher for markdown directory: docs
[DEBUG][2025-03-12T12:51:56.109Z] Watch pattern for Markdown: docs\**\*.md
[DEBUG][2025-03-12T12:51:56.123Z] Setting up watcher for JSON directory: json
[DEBUG][2025-03-12T12:51:56.127Z] Watch pattern for JSON: json\**\*.json
[DEBUG][2025-03-12T12:51:56.130Z] Starting retry queue processor
[DEBUG][2025-03-12T12:51:56.131Z] Retry queue processor scheduled to run every 10000ms
[DEBUG][2025-03-12T12:51:56.132Z] Starting status updater
[DEBUG][2025-03-12T12:51:56.134Z] Error updating status file:
{
  "errno": -4058,
  "code": "ENOENT",
  "syscall": "open",
  "path": "C:\\Users\\Chris\\cFish.io\\sync-system\\sync-system\\state\\md-json-sync-status.json"
}
[DEBUG][2025-03-12T12:51:56.136Z] Status updater scheduled to run every 5000ms
[DEBUG][2025-03-12T12:51:56.137Z] Added notification: System Started
[DEBUG][2025-03-12T12:51:56.139Z] Error updating notifications file:
{
  "errno": -4058,
  "code": "ENOENT",
  "syscall": "open",
  "path": "C:\\Users\\Chris\\cFish.io\\sync-system\\sync-system\\state\\md-json-sync-notifications.json"
}
[DEBUG][2025-03-12T12:51:56.155Z] JSON watcher ready, watching paths:
{
  "C:\\Users\\Chris\\cFish.io\\sync-system": [
    "json"
  ],
  "C:\\Users\\Chris\\cFish.io\\sync-system\\json": [],
  "C:\\Users\\Chris\\cFish.io\\sync-system\\json\\**\\*.json": []
}
[DEBUG][2025-03-12T12:51:56.201Z] Markdown file detected: README.md
[DEBUG][2025-03-12T12:51:56.211Z] Markdown file detected: docs\memory-optimization.md
[DEBUG][2025-03-12T12:51:56.221Z] Markdown watcher ready, watching paths:
{
  "C:\\Users\\Chris\\cFish.io\\sync-system": [
    "docs"
  ],
  "C:\\Users\\Chris\\cFish.io\\sync-system\\docs": [
    "memory-optimization.md"
  ],
  "C:\\Users\\Chris\\cFish.io\\sync-system\\docs\\**\\*.md": []
}
[DEBUG][2025-03-12T12:51:56.288Z] Markdown file detected: docs\memory-optimization.md
[DEBUG][2025-03-12T12:51:56.298Z] Markdown file detected: tests\test-doc.md
[DEBUG][2025-03-12T12:51:56.301Z] Markdown file detected: tests\test-manual-run.md
[DEBUG][2025-03-12T12:51:56.305Z] Markdown file detected: tests\test-restart-sync.md
[DEBUG][2025-03-12T12:51:56.330Z] Markdown file detected: tests\test-sync.md
[DEBUG][2025-03-12T12:51:56.451Z] Markdown watcher ready, watching paths:
{
  "C:\\Users\\Chris\\cFish.io\\sync-system": [
    "README.md",
    "agents",
    "config",
    "core",
    "docs",
    "json",
    "state",
    "tests",
    "utils"
  ],
  "C:\\Users\\Chris\\cFish.io\\sync-system\\**\\*.md": [],
  "C:\\Users\\Chris\\cFish.io\\sync-system\\agents": [],
  "C:\\Users\\Chris\\cFish.io\\sync-system\\config": [],
  "C:\\Users\\Chris\\cFish.io\\sync-system\\core": [],
  "C:\\Users\\Chris\\cFish.io\\sync-system\\docs": [
    "memory-optimization.md"
  ],
  "C:\\Users\\Chris\\cFish.io\\sync-system\\json": [],
  "C:\\Users\\Chris\\cFish.io\\sync-system\\state": [],
  "C:\\Users\\Chris\\cFish.io\\sync-system\\tests": [
    "test-doc.md",
    "test-manual-run.md",
    "test-restart-sync.md",
    "test-sync.md"
  ],
  "C:\\Users\\Chris\\cFish.io\\sync-system\\utils": []
}
[DEBUG][2025-03-12T12:51:58.316Z] Initial startup sequence completed
[DEBUG][2025-03-12T12:51:58.357Z] 🛡️ Error recovery system enabled
[DEBUG][2025-03-12T12:51:58.359Z] Retry settings: max 3 retries with 1000ms initial delay
[DEBUG][2025-03-12T12:51:58.365Z] 🖥️ User interface system enabled
[DEBUG][2025-03-12T12:51:58.395Z] Status updates every 5000ms to sync-system/state/md-json-sync-status.json
[DEBUG][2025-03-12T12:51:58.400Z] Error updating status file:
{
  "errno": -4058,
  "code": "ENOENT",
  "syscall": "open",
  "path": "C:\\Users\\Chris\\cFish.io\\sync-system\\sync-system\\state\\md-json-sync-status.json"
}
[DEBUG][2025-03-12T12:52:01.150Z] Error updating status file:
{
  "errno": -4058,
  "code": "ENOENT",
  "syscall": "open",
  "path": "C:\\Users\\Chris\\cFish.io\\sync-system\\sync-system\\state\\md-json-sync-status.json"
}
[DEBUG][2025-03-12T12:52:06.153Z] Error updating status file:
{
  "errno": -4058,
  "code": "ENOENT",
  "syscall": "open",
  "path": "C:\\Users\\Chris\\cFish.io\\sync-system\\sync-system\\state\\md-json-sync-status.json"
}
[DEBUG][2025-03-12T12:52:11.154Z] Error updating status file:
{
  "errno": -4058,
  "code": "ENOENT",
  "syscall": "open",
  "path": "C:\\Users\\Chris\\cFish.io\\sync-system\\sync-system\\state\\md-json-sync-status.json"
}
[DEBUG][2025-03-12T12:52:16.161Z] Error updating status file:
{
  "errno": -4058,
  "code": "ENOENT",
  "syscall": "open",
  "path": "C:\\Users\\Chris\\cFish.io\\sync-system\\sync-system\\state\\md-json-sync-status.json"
}
[DEBUG][2025-03-12T12:52:21.170Z] Error updating status file:
{
  "errno": -4058,
  "code": "ENOENT",
  "syscall": "open",
  "path": "C:\\Users\\Chris\\cFish.io\\sync-system\\sync-system\\state\\md-json-sync-status.json"
}
[DEBUG][2025-03-12T12:52:26.182Z] Error updating status file:
{
  "errno": -4058,
  "code": "ENOENT",
  "syscall": "open",
  "path": "C:\\Users\\Chris\\cFish.io\\sync-system\\sync-system\\state\\md-json-sync-status.json"
}
[DEBUG][2025-03-12T12:52:31.190Z] Error updating status file:
{
  "errno": -4058,
  "code": "ENOENT",
  "syscall": "open",
  "path": "C:\\Users\\Chris\\cFish.io\\sync-system\\sync-system\\state\\md-json-sync-status.json"
}
[DEBUG][2025-03-12T12:52:36.204Z] Error updating status file:
{
  "errno": -4058,
  "code": "ENOENT",
  "syscall": "open",
  "path": "C:\\Users\\Chris\\cFish.io\\sync-system\\sync-system\\state\\md-json-sync-status.json"
}
[DEBUG][2025-03-12T12:52:41.219Z] Error updating status file:
{
  "errno": -4058,
  "code": "ENOENT",
  "syscall": "open",
  "path": "C:\\Users\\Chris\\cFish.io\\sync-system\\sync-system\\state\\md-json-sync-status.json"
}
[DEBUG][2025-03-12T12:52:46.237Z] Error updating status file:
{
  "errno": -4058,
  "code": "ENOENT",
  "syscall": "open",
  "path": "C:\\Users\\Chris\\cFish.io\\sync-system\\sync-system\\state\\md-json-sync-status.json"
}
[DEBUG][2025-03-12T12:52:51.257Z] Error updating status file:
{
  "errno": -4058,
  "code": "ENOENT",
  "syscall": "open",
  "path": "C:\\Users\\Chris\\cFish.io\\sync-system\\sync-system\\state\\md-json-sync-status.json"
}
[DEBUG][2025-03-12T12:52:56.264Z] Error updating status file:
{
  "errno": -4058,
  "code": "ENOENT",
  "syscall": "open",
  "path": "C:\\Users\\Chris\\cFish.io\\sync-system\\sync-system\\state\\md-json-sync-status.json"
}
