File Organization Continuation Log - 03/13/2025 22:04:21
Starting continued file organization process...
This script will copy files to the UcF structure, not remove originals.
=== Organizing Documentation Files ===
Moving *.md files from '.' to 'U1-Administration/Documentation'...
Copied: 2way sync test.md to U1-Administration/Documentation
Copied: 2way-sync-test.md to U1-Administration/Documentation
Copied: agent-architecture.md to U1-Administration/Documentation
Copied: backup-recovery-plan.md to U1-Administration/Documentation
Copied: best-practices.md to U1-Administration/Documentation
Copied: cFish exec summary.md to U1-Administration/Documentation
Copied: cFish-comprehensive-executive-summary.md to U1-Administration/Documentation
Copied: cfish-io-organization-plan.md to U1-Administration/Documentation
Copied: cfish-it.md to U1-Administration/Documentation
Copied: cfish-ucf-content.md to U1-Administration/Documentation
Copied: cfish.md to U1-Administration/Documentation
Copied: changelog.md to U1-Administration/Documentation
Copied: deployment-tools.md to U1-Administration/Documentation
Copied: dreamflo-analysis-process.md to U1-Administration/Documentation
Copied: dreamflo-system-analysis.md to U1-Administration/Documentation
Copied: file-naming-compliance-summary.md to U1-Administration/Documentation
Copied: file-organization-mapping.md to U1-Administration/Documentation
Copied: glossary.md to U1-Administration/Documentation
Copied: implementation-plan.md to U1-Administration/Documentation
Copied: implementation-status.md to U1-Administration/Documentation
Copied: json-sync-system.md to U1-Administration/Documentation
Copied: maintenance-checklist.md to U1-Administration/Documentation
Copied: md json sync improvements.md to U1-Administration/Documentation
Copied: md-json-sync-enhanced-README.md to U1-Administration/Documentation
Copied: md-json-sync-implementation-verification.md to U1-Administration/Documentation
Copied: md-json-sync-improvements.md to U1-Administration/Documentation
Copied: md-json-sync-low-cpu-reference.md to U1-Administration/Documentation
Copied: md-json-sync-next-steps.md to U1-Administration/Documentation
Copied: md-json-sync-README.md to U1-Administration/Documentation
Copied: md-json-sync-status-report.md to U1-Administration/Documentation
Copied: md-json-sync-system-summary.md to U1-Administration/Documentation
Copied: md-json-sync-testing-findings.md to U1-Administration/Documentation
Copied: md-to-json-README.md to U1-Administration/Documentation
Copied: memory-full.md to U1-Administration/Documentation
Copied: memory-manual.md to U1-Administration/Documentation
Copied: memory-md-data-loss-resolution.md to U1-Administration/Documentation
Copied: memory-md-protection.md to U1-Administration/Documentation
Copied: memory.md to U1-Administration/Documentation
Copied: merge-test.md to U1-Administration/Documentation
Copied: README-cFish-io.md to U1-Administration/Documentation
Copied: README-cursor-integration-testing.md to U1-Administration/Documentation
Copied: README-cursor-integration.md to U1-Administration/Documentation
Copied: README-md-json-sync.md to U1-Administration/Documentation
Copied: README-tydisync.md to U1-Administration/Documentation
Copied: README.md to U1-Administration/Documentation
Copied: recursive-directory-monitoring.md to U1-Administration/Documentation
Copied: root-directory-monitoring-tasks.md to U1-Administration/Documentation
Copied: root-directory-monitoring-workarounds.md to U1-Administration/Documentation
Copied: root-monitor-test.md to U1-Administration/Documentation
Copied: safe-sync-system.md to U1-Administration/Documentation
Copied: sop.md to U1-Administration/Documentation
Copied: spec.md to U1-Administration/Documentation
Copied: steps.md to U1-Administration/Documentation
Copied: sync-bidirectional-test.md to U1-Administration/Documentation
Copied: sync-conflict-test.md to U1-Administration/Documentation
Copied: sync-test.md to U1-Administration/Documentation
Copied: terminal-troubleshooting.md to U1-Administration/Documentation
Copied: test-doc.md to U1-Administration/Documentation
Copied: test-json-to-md.md to U1-Administration/Documentation
Copied: test-sync.md to U1-Administration/Documentation
Copied: testing-and-verification.md to U1-Administration/Documentation
Copied: toolset.md to U1-Administration/Documentation
Copied: ty.md to U1-Administration/Documentation
Copied: tydisync-cleanup-summary.md to U1-Administration/Documentation
Copied: tydisync-completion-next-steps.md to U1-Administration/Documentation
Copied: tydisync-file-mapping-reference.md to U1-Administration/Documentation
Copied: tydisync-functional-testing-summary.md to U1-Administration/Documentation
Copied: tydisync-implementation-verification.md to U1-Administration/Documentation
Copied: tydisync-improvements.md to U1-Administration/Documentation
Copied: tydisync-low-cpu-reference.md to U1-Administration/Documentation
Copied: tydisync-next-steps.md to U1-Administration/Documentation
Copied: tydisync-post-renaming-tasks.md to U1-Administration/Documentation
Copied: tydisync-powershell-cross-platform-summary-updated.md to U1-Administration/Documentation
Copied: tydisync-powershell-cross-platform-summary.md to U1-Administration/Documentation
Copied: tydisync-powershell-next-steps.md to U1-Administration/Documentation
Copied: tydisync-quick-reference.md to U1-Administration/Documentation
Copied: tydisync-renaming-completion.md to U1-Administration/Documentation
Copied: tydisync-status-report.md to U1-Administration/Documentation
Copied: tydisync-system-summary.md to U1-Administration/Documentation
Copied: tydisync-testing-findings.md to U1-Administration/Documentation
Copied: ucf-u1.1-ecosystem-action-plan-comparative-analysis-20250401.md to U1-Administration/Documentation
Copied: ucf-u1.1-ty-personal-development-plan-20250401.md to U1-Administration/Documentation
Copied: ucf-u1.1-ty-ucfish-ecosystem-analysis-20250315.md to U1-Administration/Documentation
Copied: wordpress-ai-guidelines.md to U1-Administration/Documentation
Copied: wordpress-com-testing.md to U1-Administration/Documentation
Copied: wordpress-studio-guide.md to U1-Administration/Documentation
Completed moving 86 *.md files to 'U1-Administration/Documentation'
Moving *.pdf files from '.' to 'U1-Administration/Documentation'...
Completed moving 0 *.pdf files to 'U1-Administration/Documentation'
Moving *.md files from 'docs' to 'U1-Administration/Documentation'...
Copied: assessment-phase-report.md to U1-Administration/Documentation
Copied: cross-platform-implementation-plan.md to U1-Administration/Documentation
Copied: cross-platform-powershell-guide.md to U1-Administration/Documentation
Copied: cross-platform-testing-guide.md to U1-Administration/Documentation
Copied: cross-platform-testing.md to U1-Administration/Documentation
Copied: digital-organization-system-implementation-summary.md to U1-Administration/Documentation
Copied: digital-organization-system-README.md to U1-Administration/Documentation
Copied: file-organization-standards.md to U1-Administration/Documentation
Copied: implementation-completion-summary.md to U1-Administration/Documentation
File already exists at destination: U1-Administration\Documentation\implementation-plan.md. Skipping.
File already exists at destination: U1-Administration\Documentation\implementation-status.md. Skipping.
File already exists at destination: U1-Administration\Documentation\json-sync-system.md. Skipping.
File already exists at destination: U1-Administration\Documentation\md-json-sync-improvements.md. Skipping.
File already exists at destination: U1-Administration\Documentation\md-json-sync-low-cpu-reference.md. Skipping.
File already exists at destination: U1-Administration\Documentation\md-json-sync-next-steps.md. Skipping.
Copied: md-json-sync-quick-reference.md to U1-Administration/Documentation
File already exists at destination: U1-Administration\Documentation\md-json-sync-status-report.md. Skipping.
File already exists at destination: U1-Administration\Documentation\md-json-sync-system-summary.md. Skipping.
File already exists at destination: U1-Administration\Documentation\memory-md-data-loss-resolution.md. Skipping.
File already exists at destination: U1-Administration\Documentation\memory-md-protection.md. Skipping.
File already exists at destination: U1-Administration\Documentation\merge-test.md. Skipping.
Copied: new-json-test.md to U1-Administration/Documentation
Copied: path-handling-limitations.md to U1-Administration/Documentation
Copied: phase5-technical-design.md to U1-Administration/Documentation
Copied: powershell-cross-platform-next-steps.md to U1-Administration/Documentation
Copied: powershell-cross-platform-phase5-implementation.md to U1-Administration/Documentation
Copied: powershell-standards.md to U1-Administration/Documentation
File already exists at destination: U1-Administration\Documentation\README.md. Skipping.
File already exists at destination: U1-Administration\Documentation\recursive-directory-monitoring.md. Skipping.
File already exists at destination: U1-Administration\Documentation\root-directory-monitoring-tasks.md. Skipping.
File already exists at destination: U1-Administration\Documentation\root-directory-monitoring-workarounds.md. Skipping.
File already exists at destination: U1-Administration\Documentation\safe-sync-system.md. Skipping.
Copied: script-inventory-summary.md to U1-Administration/Documentation
File already exists at destination: U1-Administration\Documentation\sync-bidirectional-test.md. Skipping.
Copied: sync-test-from-json.md to U1-Administration/Documentation
File already exists at destination: U1-Administration\Documentation\sync-test.md. Skipping.
File already exists at destination: U1-Administration\Documentation\test-json-to-md.md. Skipping.
File already exists at destination: U1-Administration\Documentation\testing-and-verification.md. Skipping.
Copied: tydisync-implementation-summary-20250314.md to U1-Administration/Documentation
Copied: tydisync-implementation-summary.md to U1-Administration/Documentation
File already exists at destination: U1-Administration\Documentation\tydisync-implementation-verification.md. Skipping.
File already exists at destination: U1-Administration\Documentation\tydisync-improvements.md. Skipping.
File already exists at destination: U1-Administration\Documentation\tydisync-low-cpu-reference.md. Skipping.
File already exists at destination: U1-Administration\Documentation\tydisync-next-steps.md. Skipping.
File already exists at destination: U1-Administration\Documentation\tydisync-quick-reference.md. Skipping.
Copied: tydisync-rebranding-next-steps.md to U1-Administration/Documentation
File already exists at destination: U1-Administration\Documentation\tydisync-status-report.md. Skipping.
File already exists at destination: U1-Administration\Documentation\tydisync-system-summary.md. Skipping.
File already exists at destination: U1-Administration\Documentation\tydisync-testing-findings.md. Skipping.
Copied: unicode-handling.md to U1-Administration/Documentation
Copied: wordpress-com-github-deployments.md to U1-Administration/Documentation
Completed moving 51 *.md files to 'U1-Administration/Documentation'
Moving *.pdf files from 'docs' to 'U1-Administration/Documentation'...
Completed moving 0 *.pdf files to 'U1-Administration/Documentation'
=== Organizing Script Files ===
Moving *.ps1 files from '.' to 'U7-Systems/Development/Scripts'...
Copied: check-file-naming-light.ps1 to U7-Systems/Development/Scripts
Copied: check-file-naming.ps1 to U7-Systems/Development/Scripts
Copied: continue-file-organization.ps1 to U7-Systems/Development/Scripts
Copied: create-assessment-report.ps1 to U7-Systems/Development/Scripts
Copied: create-cfish-organization.ps1 to U7-Systems/Development/Scripts
Copied: create-directory-structure.ps1 to U7-Systems/Development/Scripts
Copied: create-tydisync-structure.ps1 to U7-Systems/Development/Scripts
Copied: organize-cfish-io.ps1 to U7-Systems/Development/Scripts
Copied: organize-dreamflo.ps1 to U7-Systems/Development/Scripts
Copied: rename-to-ucf-convention.ps1 to U7-Systems/Development/Scripts
Copied: rename-tydisync-files.ps1 to U7-Systems/Development/Scripts
Copied: update-memory.ps1 to U7-Systems/Development/Scripts
Completed moving 12 *.ps1 files to 'U7-Systems/Development/Scripts'
Moving *.bat files from '.' to 'U7-Systems/Development/Scripts'...
Copied: check-file-naming-light.bat to U7-Systems/Development/Scripts
Copied: check-file-naming.bat to U7-Systems/Development/Scripts
Copied: complete-tydisync-renaming.bat to U7-Systems/Development/Scripts
Copied: continue-file-organization.bat to U7-Systems/Development/Scripts
Copied: organize-cfish-io.bat to U7-Systems/Development/Scripts
Copied: rename-files-tydisync.bat to U7-Systems/Development/Scripts
Copied: rename-to-ucf-convention.bat to U7-Systems/Development/Scripts
Copied: run-powershell-cross-platform-next-steps.bat to U7-Systems/Development/Scripts
Copied: run-tydisync-updates.bat to U7-Systems/Development/Scripts
Copied: start-assessment-phase.bat to U7-Systems/Development/Scripts
Completed moving 10 *.bat files to 'U7-Systems/Development/Scripts'
Moving *.js files from '.' to 'U7-Systems/Development/Web'...
Copied: check-local-structure.js to U7-Systems/Development/Web
Copied: check-server.js to U7-Systems/Development/Web
Copied: complete-tydisync-reference-updates.js to U7-Systems/Development/Web
Copied: copy-parent-theme.js to U7-Systems/Development/Web
Copied: cursor-md-json-sync.js to U7-Systems/Development/Web
Copied: cursor-sync-controller.js to U7-Systems/Development/Web
Copied: epsilon-agent.js to U7-Systems/Development/Web
Copied: export-theme.js to U7-Systems/Development/Web
Copied: gamma-agent.js to U7-Systems/Development/Web
Copied: make-test-change.js to U7-Systems/Development/Web
Copied: md-json-sync-engine.js to U7-Systems/Development/Web
Copied: md-to-json.js to U7-Systems/Development/Web
Copied: memory-optimization-integration.js to U7-Systems/Development/Web
Copied: memory-restore.js to U7-Systems/Development/Web
Copied: patch-low-cpu.js to U7-Systems/Development/Web
Copied: run-tests.js to U7-Systems/Development/Web
Copied: safe-sync.js to U7-Systems/Development/Web
Copied: scrape-cfish.js to U7-Systems/Development/Web
Copied: scrape-ucfish-u.js to U7-Systems/Development/Web
Copied: sync-to-local.js to U7-Systems/Development/Web
Copied: sync-to-studio.js to U7-Systems/Development/Web
Copied: sync-wp-files.js to U7-Systems/Development/Web
Copied: tydisync-engine.js to U7-Systems/Development/Web
Copied: tydisync-enhanced.js to U7-Systems/Development/Web
Copied: update-batch-files.js to U7-Systems/Development/Web
Copied: update-changelog-for-renaming.js to U7-Systems/Development/Web
Copied: update-docs-directory.js to U7-Systems/Development/Web
Copied: update-documentation.js to U7-Systems/Development/Web
Copied: update-file-references.js to U7-Systems/Development/Web
Copied: update-final-memory-entry.js to U7-Systems/Development/Web
Copied: update-imports.js to U7-Systems/Development/Web
Copied: update-memory-for-renaming.js to U7-Systems/Development/Web
Copied: update-memory.js to U7-Systems/Development/Web
Copied: update-remaining-references-simple.js to U7-Systems/Development/Web
Copied: update-remaining-references.js to U7-Systems/Development/Web
Copied: update-sync-system-references.js to U7-Systems/Development/Web
Copied: verify-sync.js to U7-Systems/Development/Web
Copied: verify-tydisync-references.js to U7-Systems/Development/Web
Copied: verify-tydisync-renaming.js to U7-Systems/Development/Web
Completed moving 39 *.js files to 'U7-Systems/Development/Web'
Moving *.py files from '.' to 'U7-Systems/Development/Scripts'...
Completed moving 0 *.py files to 'U7-Systems/Development/Scripts'
=== Organizing Configuration Files ===
Moving *.json files from '.' to 'U7-Systems/Configuration'...
Copied: config.json to U7-Systems/Configuration
Copied: low-cpu-config.json to U7-Systems/Configuration
Copied: package-lock.json to U7-Systems/Configuration
Copied: package.json to U7-Systems/Configuration
Copied: test-config-root-only.json to U7-Systems/Configuration
Copied: test-config.json to U7-Systems/Configuration
Copied: tydisync-powershell-cross-platform-implementation.json to U7-Systems/Configuration
Copied: tydisync-powershell-cross-platform-summary-full.json to U7-Systems/Configuration
Copied: tydisync-powershell-cross-platform-summary-updated.json to U7-Systems/Configuration
Copied: tydisync-powershell-cross-platform-summary.json to U7-Systems/Configuration
Copied: tydisync-powershell-implementation-plan.json to U7-Systems/Configuration
Copied: wordpress-ai-guidelines.json to U7-Systems/Configuration
Completed moving 12 *.json files to 'U7-Systems/Configuration'
Moving *.* files from 'config' to 'U7-Systems/Configuration'...
Completed moving 0 *.* files to 'U7-Systems/Configuration'
=== Organizing Web Files ===
Moving *.html files from '.' to 'U4-Production/Content'...
Copied: readme.html to U4-Production/Content
Completed moving 1 *.html files to 'U4-Production/Content'
Moving *.css files from '.' to 'U4-Production/Content'...
Completed moving 0 *.css files to 'U4-Production/Content'
=== Organizing Data Files ===
Moving *.csv files from '.' to 'U5-Data/Migrations'...
Completed moving 0 *.csv files to 'U5-Data/Migrations'
Moving *.* files from 'backups' to 'U5-Data/Backups'...
Copied: 2way sync test.json.2025-03-12T10-45-24-111Z.backup to U5-Data/Backups
Copied: 2way sync test.json.2025-03-12T10-45-49-743Z.backup to U5-Data/Backups
Copied: 2way sync test.json.2025-03-12T10-45-52-667Z.backup to U5-Data/Backups
Copied: 2way sync test.json.2025-03-12T10-46-10-025Z.backup to U5-Data/Backups
Copied: 2way sync test.json.2025-03-12T10-46-14-019Z.backup to U5-Data/Backups
Copied: 2way sync test.md.2025-03-12T10-45-36-031Z.backup to U5-Data/Backups
Copied: 2way sync test.md.2025-03-12T10-46-00-767Z.backup to U5-Data/Backups
Copied: 2way sync test.md.2025-03-12T10-46-02-804Z.backup to U5-Data/Backups
Copied: 2way sync test.md.2025-03-12T10-46-20-848Z.backup to U5-Data/Backups
Copied: 2way sync test.md.2025-03-12T10-46-24-230Z.backup to U5-Data/Backups
Copied: 2way sync test.md.2025-03-12T12-12-20.092Z.backup to U5-Data/Backups
Copied: 2way sync test.md.2025-03-12T12-15-31.508Z.backup to U5-Data/Backups
Copied: 2way sync test.md.2025-03-12T12-20-31.955Z.backup to U5-Data/Backups
Copied: 2way-sync-test.json.2025-03-12T10-45-40-986Z.backup to U5-Data/Backups
Copied: 2way-sync-test.json.2025-03-12T10-46-01-236Z.backup to U5-Data/Backups
Copied: 2way-sync-test.json.2025-03-12T10-46-04-100Z.backup to U5-Data/Backups
Copied: 2way-sync-test.json.2025-03-12T10-46-21-071Z.backup to U5-Data/Backups
Copied: 2way-sync-test.json.2025-03-12T10-46-24-922Z.backup to U5-Data/Backups
Copied: 2way-sync-test.json.2025-03-12T12-14-04.098Z.backup to U5-Data/Backups
Copied: 2way-sync-test.json.2025-03-12T12-17-54.955Z.backup to U5-Data/Backups
Copied: 2way-sync-test.md.2025-03-12T10-45-28-698Z.backup to U5-Data/Backups
Copied: 2way-sync-test.md.2025-03-12T10-45-51-415Z.backup to U5-Data/Backups
Copied: 2way-sync-test.md.2025-03-12T10-45-54-870Z.backup to U5-Data/Backups
Copied: 2way-sync-test.md.2025-03-12T10-46-09-774Z.backup to U5-Data/Backups
Copied: 2way-sync-test.md.2025-03-12T10-46-12-753Z.backup to U5-Data/Backups
Copied: agent-architecture.json.2025-03-12T10-45-24-551Z.backup to U5-Data/Backups
Copied: agent-architecture.json.2025-03-12T10-45-51-289Z.backup to U5-Data/Backups
Copied: agent-architecture.json.2025-03-12T10-45-54-550Z.backup to U5-Data/Backups
Copied: agent-architecture.json.2025-03-12T10-46-10-166Z.backup to U5-Data/Backups
Copied: agent-architecture.json.2025-03-12T10-46-14-416Z.backup to U5-Data/Backups
Copied: agent-architecture.md.2025-03-12T10-45-38-218Z.backup to U5-Data/Backups
Copied: agent-architecture.md.2025-03-12T10-46-01-040Z.backup to U5-Data/Backups
Copied: agent-architecture.md.2025-03-12T10-46-03-481Z.backup to U5-Data/Backups
Copied: agent-architecture.md.2025-03-12T10-46-20-950Z.backup to U5-Data/Backups
Copied: agent-architecture.md.2025-03-12T10-46-24-569Z.backup to U5-Data/Backups
Copied: backup-recovery-plan.json.2025-03-12T10-45-47-601Z.backup to U5-Data/Backups
Copied: backup-recovery-plan.json.2025-03-12T10-45-51-008Z.backup to U5-Data/Backups
Copied: backup-recovery-plan.json.2025-03-12T10-46-06-454Z.backup to U5-Data/Backups
Copied: backup-recovery-plan.json.2025-03-12T10-46-09-770Z.backup to U5-Data/Backups
Copied: backup-recovery-plan.json.2025-03-12T10-46-27-034Z.backup to U5-Data/Backups
Copied: backup-recovery-plan.md.2025-03-12T10-45-35-025Z.backup to U5-Data/Backups
Copied: backup-recovery-plan.md.2025-03-12T10-45-57-235Z.backup to U5-Data/Backups
Copied: backup-recovery-plan.md.2025-03-12T10-46-00-925Z.backup to U5-Data/Backups
Copied: backup-recovery-plan.md.2025-03-12T10-46-16-301Z.backup to U5-Data/Backups
Copied: backup-recovery-plan.md.2025-03-12T10-46-20-540Z.backup to U5-Data/Backups
Copied: backup_test.md.2025-03-12T23-19-12.925Z.bak to U5-Data/Backups
Copied: backup_test.md.2025-03-12T23-21-35.038Z.bak to U5-Data/Backups
Copied: backup_test.md.2025-03-12T23-24-01.038Z.bak to U5-Data/Backups
Copied: backup_test.md.2025-03-12T23-25-27.545Z.bak to U5-Data/Backups
Copied: backup_test.md.2025-03-12T23-27-50.789Z.bak to U5-Data/Backups
Copied: best-practices.json.2025-03-12T10-45-28-698Z.backup to U5-Data/Backups
Copied: best-practices.json.2025-03-12T10-45-51-684Z.backup to U5-Data/Backups
Copied: best-practices.json.2025-03-12T10-45-55-573Z.backup to U5-Data/Backups
Copied: best-practices.json.2025-03-12T10-46-10-519Z.backup to U5-Data/Backups
Copied: best-practices.json.2025-03-12T10-46-14-880Z.backup to U5-Data/Backups
Copied: best-practices.md.2025-03-12T10-45-40-986Z.backup to U5-Data/Backups
Copied: best-practices.md.2025-03-12T10-46-01-135Z.backup to U5-Data/Backups
Copied: best-practices.md.2025-03-12T10-46-03-799Z.backup to U5-Data/Backups
Copied: best-practices.md.2025-03-12T10-46-21-150Z.backup to U5-Data/Backups
Copied: best-practices.md.2025-03-12T10-46-25-309Z.backup to U5-Data/Backups
Copied: cfish-it.json.2025-03-12T10-45-34-089Z.backup to U5-Data/Backups
Copied: cfish-it.json.2025-03-12T10-45-56-369Z.backup to U5-Data/Backups
Copied: cfish-it.json.2025-03-12T10-45-59-092Z.backup to U5-Data/Backups
Copied: cfish-it.json.2025-03-12T10-46-15-409Z.backup to U5-Data/Backups
Copied: cfish-it.json.2025-03-12T10-46-18-899Z.backup to U5-Data/Backups
Copied: cfish-it.md.2025-03-12T10-45-45-671Z.backup to U5-Data/Backups
Copied: cfish-it.md.2025-03-12T10-45-48-611Z.backup to U5-Data/Backups
Copied: cfish-it.md.2025-03-12T10-46-05-616Z.backup to U5-Data/Backups
Copied: cfish-it.md.2025-03-12T10-46-08-137Z.backup to U5-Data/Backups
Copied: cfish-it.md.2025-03-12T10-46-25-872Z.backup to U5-Data/Backups
Copied: cfish-it.md.2025-03-12T10-46-29-171Z.backup to U5-Data/Backups
Copied: cfish.json.2025-03-12T10-45-28-698Z.backup to U5-Data/Backups
Copied: cfish.json.2025-03-12T10-45-52-506Z.backup to U5-Data/Backups
Copied: cfish.json.2025-03-12T10-45-56-363Z.backup to U5-Data/Backups
Copied: cfish.json.2025-03-12T10-46-12-751Z.backup to U5-Data/Backups
Copied: cfish.json.2025-03-12T10-46-16-708Z.backup to U5-Data/Backups
Copied: cfish.md.2025-03-12T10-45-40-986Z.backup to U5-Data/Backups
Copied: cfish.md.2025-03-12T10-46-01-790Z.backup to U5-Data/Backups
Copied: cfish.md.2025-03-12T10-46-05-433Z.backup to U5-Data/Backups
Copied: cfish.md.2025-03-12T10-46-25-287Z.backup to U5-Data/Backups
Copied: cfish.md.2025-03-12T10-46-28-402Z.backup to U5-Data/Backups
Copied: changelog.json.2025-03-12T10-45-35-025Z.backup to U5-Data/Backups
Copied: changelog.json.2025-03-12T10-45-57-183Z.backup to U5-Data/Backups
Copied: changelog.json.2025-03-12T10-46-00-765Z.backup to U5-Data/Backups
Copied: changelog.json.2025-03-12T10-46-15-907Z.backup to U5-Data/Backups
Copied: changelog.json.2025-03-12T10-46-19-560Z.backup to U5-Data/Backups
Copied: changelog.md.2025-03-12T10-45-47-243Z.backup to U5-Data/Backups
Copied: changelog.md.2025-03-12T10-45-50-184Z.backup to U5-Data/Backups
Copied: changelog.md.2025-03-12T10-46-06-069Z.backup to U5-Data/Backups
Copied: changelog.md.2025-03-12T10-46-09-091Z.backup to U5-Data/Backups
Copied: changelog.md.2025-03-12T10-46-26-201Z.backup to U5-Data/Backups
Copied: changelog.md.2025-03-12T10-46-29-873Z.backup to U5-Data/Backups
Copied: complex-test.json.2025-03-13T00-56-23.160Z.bak to U5-Data/Backups
Copied: complex-test.json.2025-03-13T01-11-53.527Z.bak to U5-Data/Backups
Copied: complex-test.json.2025-03-13T01-21-41.039Z.bak to U5-Data/Backups
Copied: critical-test.json.2025-03-13T00-56-22.934Z.bak to U5-Data/Backups
Copied: critical-test.json.2025-03-13T01-11-53.280Z.bak to U5-Data/Backups
Copied: critical-test.json.2025-03-13T01-21-40.860Z.bak to U5-Data/Backups
Copied: cursorrules.json.2025-03-13T00-55-50.979Z.bak to U5-Data/Backups
Copied: cursorrules.json.2025-03-13T01-11-20.454Z.bak to U5-Data/Backups
Copied: cursorrules.json.2025-03-13T01-21-12.398Z.bak to U5-Data/Backups
Copied: deployment-tools.json.2025-03-12T10-45-36-031Z.backup to U5-Data/Backups
Copied: deployment-tools.json.2025-03-12T10-46-01-132Z.backup to U5-Data/Backups
Copied: deployment-tools.json.2025-03-12T10-46-03-799Z.backup to U5-Data/Backups
Copied: deployment-tools.json.2025-03-12T10-46-20-848Z.backup to U5-Data/Backups
Copied: deployment-tools.json.2025-03-12T10-46-24-230Z.backup to U5-Data/Backups
Copied: deployment-tools.md.2025-03-12T10-45-23-751Z.backup to U5-Data/Backups
Copied: deployment-tools.md.2025-03-12T10-45-49-123Z.backup to U5-Data/Backups
Copied: deployment-tools.md.2025-03-12T10-45-52-275Z.backup to U5-Data/Backups
Copied: deployment-tools.md.2025-03-12T10-46-09-774Z.backup to U5-Data/Backups
Copied: deployment-tools.md.2025-03-12T10-46-12-751Z.backup to U5-Data/Backups
Copied: glossary.json.2025-03-12T10-45-30-072Z.backup to U5-Data/Backups
Copied: glossary.json.2025-03-12T10-45-52-672Z.backup to U5-Data/Backups
Copied: glossary.json.2025-03-12T10-45-56-555Z.backup to U5-Data/Backups
Copied: glossary.json.2025-03-12T10-46-14-753Z.backup to U5-Data/Backups
Copied: glossary.json.2025-03-12T10-46-17-774Z.backup to U5-Data/Backups
Copied: glossary.md.2025-03-12T10-45-41-499Z.backup to U5-Data/Backups
Copied: glossary.md.2025-03-12T10-46-02-513Z.backup to U5-Data/Backups
Copied: glossary.md.2025-03-12T10-46-06-067Z.backup to U5-Data/Backups
Copied: glossary.md.2025-03-12T10-46-25-631Z.backup to U5-Data/Backups
Copied: glossary.md.2025-03-12T10-46-28-787Z.backup to U5-Data/Backups
Copied: implementation-plan.json.2025-03-12T10-45-41-332Z.backup to U5-Data/Backups
Copied: implementation-plan.json.2025-03-12T10-46-01-390Z.backup to U5-Data/Backups
Copied: implementation-plan.json.2025-03-12T10-46-04-743Z.backup to U5-Data/Backups
Copied: implementation-plan.json.2025-03-12T10-46-21-150Z.backup to U5-Data/Backups
Copied: implementation-plan.json.2025-03-12T10-46-25-324Z.backup to U5-Data/Backups
Copied: implementation-plan.json.2025-03-13T00-55-51.212Z.bak to U5-Data/Backups
Copied: implementation-plan.json.2025-03-13T01-11-20.752Z.bak to U5-Data/Backups
Copied: implementation-plan.json.2025-03-13T01-21-12.806Z.bak to U5-Data/Backups
Copied: implementation-plan.md.2025-03-12T10-45-28-698Z.backup to U5-Data/Backups
Copied: implementation-plan.md.2025-03-12T10-45-51-684Z.backup to U5-Data/Backups
Copied: implementation-plan.md.2025-03-12T10-45-55-573Z.backup to U5-Data/Backups
Copied: implementation-plan.md.2025-03-12T10-46-10-166Z.backup to U5-Data/Backups
Copied: implementation-plan.md.2025-03-12T10-46-14-416Z.backup to U5-Data/Backups
Copied: implementation-status.json.2025-03-12T10-45-35-706Z.backup to U5-Data/Backups
Copied: implementation-status.json.2025-03-12T10-45-59-563Z.backup to U5-Data/Backups
Copied: implementation-status.json.2025-03-12T10-46-01-956Z.backup to U5-Data/Backups
Copied: implementation-status.json.2025-03-12T10-46-20-678Z.backup to U5-Data/Backups
Copied: implementation-status.json.2025-03-12T10-46-23-615Z.backup to U5-Data/Backups
Copied: implementation-status.json.2025-03-13T00-55-51.465Z.bak to U5-Data/Backups
Copied: implementation-status.json.2025-03-13T01-11-21.096Z.bak to U5-Data/Backups
Copied: implementation-status.json.2025-03-13T01-21-13.009Z.bak to U5-Data/Backups
Copied: implementation-status.md.2025-03-12T10-45-23-627Z.backup to U5-Data/Backups
Copied: implementation-status.md.2025-03-12T10-45-47-983Z.backup to U5-Data/Backups
Copied: implementation-status.md.2025-03-12T10-45-51-410Z.backup to U5-Data/Backups
Copied: implementation-status.md.2025-03-12T10-46-09-103Z.backup to U5-Data/Backups
Copied: implementation-status.md.2025-03-12T10-46-11-235Z.backup to U5-Data/Backups
Copied: invalid.json.2025-03-12T23-19-12.571Z.bak to U5-Data/Backups
Copied: invalid.json.2025-03-12T23-21-34.658Z.bak to U5-Data/Backups
Copied: invalid.json.2025-03-12T23-24-00.668Z.bak to U5-Data/Backups
Copied: invalid.json.2025-03-12T23-25-27.168Z.bak to U5-Data/Backups
Copied: invalid.json.2025-03-12T23-27-50.369Z.bak to U5-Data/Backups
Copied: invalid.json.2025-03-13T00-56-24.830Z.bak to U5-Data/Backups
Copied: invalid.json.2025-03-13T01-11-55.297Z.bak to U5-Data/Backups
Copied: invalid.json.2025-03-13T01-21-42.454Z.bak to U5-Data/Backups
Copied: json-sync-system.json.2025-03-12T10-45-40-558Z.backup to U5-Data/Backups
Copied: json-sync-system.json.2025-03-12T10-46-01-314Z.backup to U5-Data/Backups
Copied: json-sync-system.json.2025-03-12T10-46-04-405Z.backup to U5-Data/Backups
Copied: json-sync-system.json.2025-03-12T10-46-21-071Z.backup to U5-Data/Backups
Copied: json-sync-system.json.2025-03-12T10-46-24-922Z.backup to U5-Data/Backups
Copied: json-sync-system.json.2025-03-13T00-55-51.732Z.bak to U5-Data/Backups
Copied: json-sync-system.json.2025-03-13T01-11-21.471Z.bak to U5-Data/Backups
Copied: json-sync-system.json.2025-03-13T01-21-13.371Z.bak to U5-Data/Backups
Copied: json-sync-system.md.2025-03-12T10-45-25-283Z.backup to U5-Data/Backups
Copied: json-sync-system.md.2025-03-12T10-45-51-289Z.backup to U5-Data/Backups
Copied: json-sync-system.md.2025-03-12T10-45-54-550Z.backup to U5-Data/Backups
Copied: json-sync-system.md.2025-03-12T10-46-10-025Z.backup to U5-Data/Backups
Copied: json-sync-system.md.2025-03-12T10-46-14-021Z.backup to U5-Data/Backups
Copied: json-test.json.2025-03-13T00-56-23.411Z.bak to U5-Data/Backups
Copied: json-test.json.2025-03-13T01-11-53.796Z.bak to U5-Data/Backups
Copied: json-test.json.2025-03-13T01-21-41.246Z.bak to U5-Data/Backups
Copied: maintenance-checklist.json.2025-03-12T10-45-40-986Z.backup to U5-Data/Backups
Copied: maintenance-checklist.json.2025-03-12T10-46-01-390Z.backup to U5-Data/Backups
Copied: maintenance-checklist.json.2025-03-12T10-46-04-744Z.backup to U5-Data/Backups
Copied: maintenance-checklist.json.2025-03-12T10-46-21-150Z.backup to U5-Data/Backups
Copied: maintenance-checklist.json.2025-03-12T10-46-25-320Z.backup to U5-Data/Backups
Copied: maintenance-checklist.md.2025-03-12T10-45-26-885Z.backup to U5-Data/Backups
Copied: maintenance-checklist.md.2025-03-12T10-45-51-415Z.backup to U5-Data/Backups
Copied: maintenance-checklist.md.2025-03-12T10-45-54-877Z.backup to U5-Data/Backups
Copied: maintenance-checklist.md.2025-03-12T10-46-10-167Z.backup to U5-Data/Backups
Copied: maintenance-checklist.md.2025-03-12T10-46-14-416Z.backup to U5-Data/Backups
Copied: md json sync improvements.md.2025-03-12T12-12-10.696Z.backup to U5-Data/Backups
Copied: md json sync improvements.md.2025-03-12T12-13-33.460Z.backup to U5-Data/Backups
Copied: md json sync improvements.md.2025-03-12T12-15-31.570Z.backup to U5-Data/Backups
Copied: md json sync improvements.md.2025-03-12T12-16-40.315Z.backup to U5-Data/Backups
Copied: md-json-sync-enhanced-README.json.2025-03-12T10-45-29-703Z.backup to U5-Data/Backups
Copied: md-json-sync-enhanced-README.json.2025-03-12T10-45-52-152Z.backup to U5-Data/Backups
Copied: md-json-sync-enhanced-README.json.2025-03-12T10-45-56-012Z.backup to U5-Data/Backups
Copied: md-json-sync-enhanced-README.json.2025-03-12T10-46-10-519Z.backup to U5-Data/Backups
Copied: md-json-sync-enhanced-README.json.2025-03-12T10-46-14-880Z.backup to U5-Data/Backups
Copied: md-json-sync-enhanced-README.md.2025-03-12T10-45-41-173Z.backup to U5-Data/Backups
Copied: md-json-sync-enhanced-README.md.2025-03-12T10-46-01-390Z.backup to U5-Data/Backups
Copied: md-json-sync-enhanced-README.md.2025-03-12T10-46-04-744Z.backup to U5-Data/Backups
Copied: md-json-sync-enhanced-README.md.2025-03-12T10-46-21-270Z.backup to U5-Data/Backups
Copied: md-json-sync-enhanced-README.md.2025-03-12T10-46-25-602Z.backup to U5-Data/Backups
Copied: md-json-sync-fixes.md.2025-03-12T12-12-20.055Z.backup to U5-Data/Backups
Copied: md-json-sync-fixes.md.2025-03-12T12-18-10.443Z.backup to U5-Data/Backups
Copied: md-json-sync-implementation-verification.json.2025-03-12T10-45-41-767Z.backup to U5-Data/Backups
Copied: md-json-sync-implementation-verification.json.2025-03-12T10-45-46-706Z.backup to U5-Data/Backups
Copied: md-json-sync-implementation-verification.json.2025-03-12T10-46-04-407Z.backup to U5-Data/Backups
Copied: md-json-sync-implementation-verification.json.2025-03-12T10-46-06-843Z.backup to U5-Data/Backups
Copied: md-json-sync-implementation-verification.json.2025-03-12T10-46-26-019Z.backup to U5-Data/Backups
Copied: md-json-sync-implementation-verification.json.2025-03-12T10-46-29-560Z.backup to U5-Data/Backups
Copied: md-json-sync-implementation-verification.md.2025-03-12T10-45-29-505Z.backup to U5-Data/Backups
Copied: md-json-sync-implementation-verification.md.2025-03-12T10-45-52-671Z.backup to U5-Data/Backups
Copied: md-json-sync-implementation-verification.md.2025-03-12T10-45-56-552Z.backup to U5-Data/Backups
Copied: md-json-sync-implementation-verification.md.2025-03-12T10-46-14-765Z.backup to U5-Data/Backups
Copied: md-json-sync-implementation-verification.md.2025-03-12T10-46-17-782Z.backup to U5-Data/Backups
Copied: md-json-sync-improvements.json.2025-03-12T09-08-06-937Z.backup to U5-Data/Backups
Copied: md-json-sync-improvements.json.2025-03-12T09-38-38-272Z.backup to U5-Data/Backups
Copied: md-json-sync-improvements.json.2025-03-12T09-38-44-275Z.backup to U5-Data/Backups
Copied: md-json-sync-improvements.json.2025-03-12T10-37-47-368Z.backup to U5-Data/Backups
Copied: md-json-sync-improvements.json.2025-03-12T10-37-49-679Z.backup to U5-Data/Backups
Copied: md-json-sync-improvements.json.2025-03-12T12-12-03.122Z.backup to U5-Data/Backups
Copied: md-json-sync-improvements.json.2025-03-12T12-12-42.655Z.backup to U5-Data/Backups
Copied: md-json-sync-improvements.json.2025-03-12T12-14-04.141Z.backup to U5-Data/Backups
Copied: md-json-sync-improvements.json.2025-03-12T12-15-31.619Z.backup to U5-Data/Backups
Copied: md-json-sync-improvements.json.2025-03-12T12-19-52.246Z.backup to U5-Data/Backups
Copied: md-json-sync-improvements.json.2025-03-13T00-55-52.007Z.bak to U5-Data/Backups
Copied: md-json-sync-improvements.json.2025-03-13T01-11-21.794Z.bak to U5-Data/Backups
Copied: md-json-sync-improvements.json.2025-03-13T01-21-13.606Z.bak to U5-Data/Backups
Copied: md-json-sync-improvements.md.2025-03-12T09-38-56-604Z.backup to U5-Data/Backups
Copied: md-json-sync-improvements.md.2025-03-12T10-37-53-835Z.backup to U5-Data/Backups
Copied: md-json-sync-improvements.md.2025-03-12T10-37-55-957Z.backup to U5-Data/Backups
Copied: md-json-sync-improvements.md.2025-03-12T10-38-09-872Z.backup to U5-Data/Backups
Copied: md-json-sync-improvements.md.2025-03-12T10-38-14-477Z.backup to U5-Data/Backups
Copied: md-json-sync-improvements.md.2025-03-12T12-11-57.533Z.backup to U5-Data/Backups
Copied: md-json-sync-improvements.md.2025-03-12T12-15-31.596Z.backup to U5-Data/Backups
Copied: md-json-sync-improvements.md.2025-03-12T12-16-40.354Z.backup to U5-Data/Backups
Copied: md-json-sync-improvements.md.2025-03-12T12-18-10.512Z.backup to U5-Data/Backups
Copied: md-json-sync-low-cpu-reference.json.2025-03-12T10-45-23-939Z.backup to U5-Data/Backups
Copied: md-json-sync-low-cpu-reference.json.2025-03-12T10-45-49-743Z.backup to U5-Data/Backups
Copied: md-json-sync-low-cpu-reference.json.2025-03-12T10-45-52-667Z.backup to U5-Data/Backups
Copied: md-json-sync-low-cpu-reference.json.2025-03-12T10-46-09-774Z.backup to U5-Data/Backups
Copied: md-json-sync-low-cpu-reference.json.2025-03-12T10-46-12-752Z.backup to U5-Data/Backups
Copied: md-json-sync-low-cpu-reference.md.2025-03-12T10-45-35-706Z.backup to U5-Data/Backups
Copied: md-json-sync-low-cpu-reference.md.2025-03-12T10-46-00-767Z.backup to U5-Data/Backups
Copied: md-json-sync-low-cpu-reference.md.2025-03-12T10-46-02-804Z.backup to U5-Data/Backups
Copied: md-json-sync-low-cpu-reference.md.2025-03-12T10-46-20-678Z.backup to U5-Data/Backups
Copied: md-json-sync-low-cpu-reference.md.2025-03-12T10-46-23-611Z.backup to U5-Data/Backups
Copied: md-json-sync-next-steps.json.2025-03-12T09-04-14-062Z.backup to U5-Data/Backups
Copied: md-json-sync-next-steps.json.2025-03-12T09-04-43-691Z.backup to U5-Data/Backups
Copied: md-json-sync-next-steps.json.2025-03-12T09-04-47-762Z.backup to U5-Data/Backups
Copied: md-json-sync-next-steps.json.2025-03-12T09-37-52-691Z.backup to U5-Data/Backups
Copied: md-json-sync-next-steps.json.2025-03-12T09-37-53-607Z.backup to U5-Data/Backups
Copied: md-json-sync-next-steps.md.2025-03-12T09-04-53-507Z.backup to U5-Data/Backups
Copied: md-json-sync-next-steps.md.2025-03-12T09-06-51-572Z.backup to U5-Data/Backups
Copied: md-json-sync-next-steps.md.2025-03-12T09-37-56-863Z.backup to U5-Data/Backups
Copied: md-json-sync-next-steps.md.2025-03-12T09-37-58-798Z.backup to U5-Data/Backups
Copied: md-json-sync-next-steps.md.2025-03-12T09-38-26-490Z.backup to U5-Data/Backups
Copied: md-json-sync-quick-reference.json.2025-03-12T07-50-00-615Z.backup to U5-Data/Backups
Copied: md-json-sync-quick-reference.json.2025-03-12T07-51-18-933Z.backup to U5-Data/Backups
Copied: md-json-sync-quick-reference.json.2025-03-12T07-54-52-016Z.backup to U5-Data/Backups
Copied: md-json-sync-quick-reference.json.2025-03-12T07-55-36-090Z.backup to U5-Data/Backups
Copied: md-json-sync-quick-reference.json.2025-03-12T07-56-51-859Z.backup to U5-Data/Backups
Copied: md-json-sync-quick-reference.json.2025-03-13T00-55-52.346Z.bak to U5-Data/Backups
Copied: md-json-sync-quick-reference.json.2025-03-13T01-11-22.161Z.bak to U5-Data/Backups
Copied: md-json-sync-quick-reference.json.2025-03-13T01-21-13.830Z.bak to U5-Data/Backups
Copied: md-json-sync-quick-reference.md.2025-03-12T08-11-32-169Z.backup to U5-Data/Backups
Copied: md-json-sync-quick-reference.md.2025-03-12T08-11-35-810Z.backup to U5-Data/Backups
Copied: md-json-sync-quick-reference.md.2025-03-12T08-52-36-629Z.backup to U5-Data/Backups
Copied: md-json-sync-quick-reference.md.2025-03-12T08-52-43-550Z.backup to U5-Data/Backups
Copied: md-json-sync-quick-reference.md.2025-03-12T08-58-42-596Z.backup to U5-Data/Backups
Copied: md-json-sync-README.json.2025-03-12T10-45-46-483Z.backup to U5-Data/Backups
Copied: md-json-sync-README.json.2025-03-12T10-45-49-120Z.backup to U5-Data/Backups
Copied: md-json-sync-README.json.2025-03-12T10-46-05-634Z.backup to U5-Data/Backups
Copied: md-json-sync-README.json.2025-03-12T10-46-08-138Z.backup to U5-Data/Backups
Copied: md-json-sync-README.json.2025-03-12T10-46-26-201Z.backup to U5-Data/Backups
Copied: md-json-sync-README.json.2025-03-12T10-46-29-873Z.backup to U5-Data/Backups
Copied: md-json-sync-README.md.2025-03-12T10-45-34-326Z.backup to U5-Data/Backups
Copied: md-json-sync-README.md.2025-03-12T10-45-56-369Z.backup to U5-Data/Backups
Copied: md-json-sync-README.md.2025-03-12T10-45-59-085Z.backup to U5-Data/Backups
Copied: md-json-sync-README.md.2025-03-12T10-46-15-389Z.backup to U5-Data/Backups
Copied: md-json-sync-README.md.2025-03-12T10-46-18-897Z.backup to U5-Data/Backups
Copied: md-json-sync-state.json.2025-03-13T00-56-22.700Z.bak to U5-Data/Backups
Copied: md-json-sync-state.json.2025-03-13T01-11-53.050Z.bak to U5-Data/Backups
Copied: md-json-sync-state.json.2025-03-13T01-21-40.669Z.bak to U5-Data/Backups
Copied: md-json-sync-status-report.json.2025-03-12T09-04-14-491Z.backup to U5-Data/Backups
Copied: md-json-sync-status-report.json.2025-03-12T09-04-43-690Z.backup to U5-Data/Backups
Copied: md-json-sync-status-report.json.2025-03-12T09-04-47-762Z.backup to U5-Data/Backups
Copied: md-json-sync-status-report.json.2025-03-12T09-38-57-063Z.backup to U5-Data/Backups
Copied: md-json-sync-status-report.json.2025-03-12T09-39-02-729Z.backup to U5-Data/Backups
Copied: md-json-sync-status-report.json.2025-03-13T00-55-52.602Z.bak to U5-Data/Backups
Copied: md-json-sync-status-report.json.2025-03-13T01-11-22.498Z.bak to U5-Data/Backups
Copied: md-json-sync-status-report.json.2025-03-13T01-21-14.046Z.bak to U5-Data/Backups
Copied: md-json-sync-status-report.md.2025-03-12T09-04-28-517Z.backup to U5-Data/Backups
Copied: md-json-sync-status-report.md.2025-03-12T09-04-53-507Z.backup to U5-Data/Backups
Copied: md-json-sync-status-report.md.2025-03-12T09-06-53-753Z.backup to U5-Data/Backups
Copied: md-json-sync-status-report.md.2025-03-12T09-38-38-120Z.backup to U5-Data/Backups
Copied: md-json-sync-status-report.md.2025-03-12T09-38-43-792Z.backup to U5-Data/Backups
Copied: md-json-sync-system-summary.json.2025-03-12T08-51-13-900Z.backup to U5-Data/Backups
Copied: md-json-sync-system-summary.json.2025-03-12T08-51-38-295Z.backup to U5-Data/Backups
Copied: md-json-sync-system-summary.json.2025-03-12T08-51-44-199Z.backup to U5-Data/Backups
Copied: md-json-sync-system-summary.json.2025-03-12T08-52-29-764Z.backup to U5-Data/Backups
Copied: md-json-sync-system-summary.json.2025-03-12T08-52-37-234Z.backup to U5-Data/Backups
Copied: md-json-sync-system-summary.json.2025-03-13T00-55-52.884Z.bak to U5-Data/Backups
Copied: md-json-sync-system-summary.json.2025-03-13T01-11-22.825Z.bak to U5-Data/Backups
Copied: md-json-sync-system-summary.json.2025-03-13T01-21-14.262Z.bak to U5-Data/Backups
Copied: md-json-sync-system-summary.md.2025-03-12T08-51-24-471Z.backup to U5-Data/Backups
Copied: md-json-sync-system-summary.md.2025-03-12T08-51-27-717Z.backup to U5-Data/Backups
Copied: md-json-sync-system-summary.md.2025-03-12T08-51-56-118Z.backup to U5-Data/Backups
Copied: md-json-sync-system-summary.md.2025-03-12T08-52-07-881Z.backup to U5-Data/Backups
Copied: md-json-sync-system-summary.md.2025-03-12T08-52-52-701Z.backup to U5-Data/Backups
Copied: md-json-sync-testing-findings.json.2025-03-12T08-51-13-900Z.backup to U5-Data/Backups
Copied: md-json-sync-testing-findings.json.2025-03-12T08-51-37-787Z.backup to U5-Data/Backups
Copied: md-json-sync-testing-findings.json.2025-03-12T08-51-43-631Z.backup to U5-Data/Backups
Copied: md-json-sync-testing-findings.json.2025-03-12T08-52-26-436Z.backup to U5-Data/Backups
Copied: md-json-sync-testing-findings.json.2025-03-12T08-52-34-831Z.backup to U5-Data/Backups
Copied: md-json-sync-testing-findings.md.2025-03-12T08-51-24-471Z.backup to U5-Data/Backups
Copied: md-json-sync-testing-findings.md.2025-03-12T08-51-27-508Z.backup to U5-Data/Backups
Copied: md-json-sync-testing-findings.md.2025-03-12T08-51-54-634Z.backup to U5-Data/Backups
Copied: md-json-sync-testing-findings.md.2025-03-12T08-52-05-960Z.backup to U5-Data/Backups
Copied: md-json-sync-testing-findings.md.2025-03-12T08-52-46-843Z.backup to U5-Data/Backups
Copied: md-to-json-README.json.2025-03-12T08-12-45-361Z.backup to U5-Data/Backups
Copied: md-to-json-README.json.2025-03-12T08-12-47-395Z.backup to U5-Data/Backups
Copied: md-to-json-README.json.2025-03-12T08-51-31-333Z.backup to U5-Data/Backups
Copied: md-to-json-README.json.2025-03-12T08-52-15-502Z.backup to U5-Data/Backups
Copied: md-to-json-README.json.2025-03-12T08-52-28-085Z.backup to U5-Data/Backups
Copied: md-to-json-README.md.2025-03-12T08-51-48-668Z.backup to U5-Data/Backups
Copied: md-to-json-README.md.2025-03-12T08-51-55-186Z.backup to U5-Data/Backups
Copied: md-to-json-README.md.2025-03-12T08-52-40-060Z.backup to U5-Data/Backups
Copied: md-to-json-README.md.2025-03-12T08-52-46-826Z.backup to U5-Data/Backups
Copied: md-to-json-README.md.2025-03-12T08-52-48-525Z.backup to U5-Data/Backups
Copied: memory-full.json.2025-03-12T08-12-35-863Z.backup to U5-Data/Backups
Copied: memory-full.json.2025-03-12T08-51-32-642Z.backup to U5-Data/Backups
Copied: memory-full.json.2025-03-12T08-51-40-669Z.backup to U5-Data/Backups
Copied: memory-full.json.2025-03-12T08-52-16-730Z.backup to U5-Data/Backups
Copied: memory-full.json.2025-03-12T08-52-28-085Z.backup to U5-Data/Backups
Copied: memory-full.md.2025-03-12T08-12-42-668Z.backup to U5-Data/Backups
Copied: memory-full.md.2025-03-12T08-51-49-814Z.backup to U5-Data/Backups
Copied: memory-full.md.2025-03-12T08-51-57-028Z.backup to U5-Data/Backups
Copied: memory-full.md.2025-03-12T08-52-41-766Z.backup to U5-Data/Backups
Copied: memory-full.md.2025-03-12T08-52-48-514Z.backup to U5-Data/Backups
Copied: memory-manual.json.2025-03-12T08-12-35-812Z.backup to U5-Data/Backups
Copied: memory-manual.json.2025-03-12T08-51-32-642Z.backup to U5-Data/Backups
Copied: memory-manual.json.2025-03-12T08-51-40-668Z.backup to U5-Data/Backups
Copied: memory-manual.json.2025-03-12T08-52-17-925Z.backup to U5-Data/Backups
Copied: memory-manual.json.2025-03-12T08-52-29-726Z.backup to U5-Data/Backups
Copied: memory-manual.json.2025-03-13T00-56-11.706Z.bak to U5-Data/Backups
Copied: memory-manual.json.2025-03-13T01-11-41.571Z.bak to U5-Data/Backups
Copied: memory-manual.json.2025-03-13T01-21-29.958Z.bak to U5-Data/Backups
Copied: memory-manual.md.2025-03-12T08-12-42-625Z.backup to U5-Data/Backups
Copied: memory-manual.md.2025-03-12T08-51-49-814Z.backup to U5-Data/Backups
Copied: memory-manual.md.2025-03-12T08-51-57-028Z.backup to U5-Data/Backups
Copied: memory-manual.md.2025-03-12T08-52-43-566Z.backup to U5-Data/Backups
Copied: memory-manual.md.2025-03-12T08-52-51-360Z.backup to U5-Data/Backups
Copied: memory-md-data-loss-resolution.json.2025-03-12T08-51-15-202Z.backup to U5-Data/Backups
Copied: memory-md-data-loss-resolution.json.2025-03-12T08-51-40-683Z.backup to U5-Data/Backups
Copied: memory-md-data-loss-resolution.json.2025-03-12T08-51-45-442Z.backup to U5-Data/Backups
Copied: memory-md-data-loss-resolution.json.2025-03-12T08-52-31-883Z.backup to U5-Data/Backups
Copied: memory-md-data-loss-resolution.json.2025-03-12T08-52-38-284Z.backup to U5-Data/Backups
Copied: memory-md-data-loss-resolution.json.2025-03-13T00-55-53.193Z.bak to U5-Data/Backups
Copied: memory-md-data-loss-resolution.json.2025-03-13T01-11-23.255Z.bak to U5-Data/Backups
Copied: memory-md-data-loss-resolution.json.2025-03-13T01-21-14.472Z.bak to U5-Data/Backups
Copied: memory-md-data-loss-resolution.md.2025-03-12T08-51-25-301Z.backup to U5-Data/Backups
Copied: memory-md-data-loss-resolution.md.2025-03-12T08-51-28-545Z.backup to U5-Data/Backups
Copied: memory-md-data-loss-resolution.md.2025-03-12T08-51-58-609Z.backup to U5-Data/Backups
Copied: memory-md-data-loss-resolution.md.2025-03-12T08-52-08-950Z.backup to U5-Data/Backups
Copied: memory-md-data-loss-resolution.md.2025-03-12T08-52-52-701Z.backup to U5-Data/Backups
Copied: memory-md-protection.json.2025-03-12T08-51-16-752Z.backup to U5-Data/Backups
Copied: memory-md-protection.json.2025-03-12T08-51-44-542Z.backup to U5-Data/Backups
Copied: memory-md-protection.json.2025-03-12T08-51-49-802Z.backup to U5-Data/Backups
Copied: memory-md-protection.json.2025-03-12T08-52-36-619Z.backup to U5-Data/Backups
Copied: memory-md-protection.json.2025-03-12T08-52-43-547Z.backup to U5-Data/Backups
Copied: memory-md-protection.json.2025-03-13T00-55-53.444Z.bak to U5-Data/Backups
Copied: memory-md-protection.json.2025-03-13T01-11-23.559Z.bak to U5-Data/Backups
Copied: memory-md-protection.json.2025-03-13T01-21-14.695Z.bak to U5-Data/Backups
Copied: memory-md-protection.md.2025-03-12T07-28-27-800Z.backup to U5-Data/Backups
Copied: memory-md-protection.md.2025-03-12T08-51-27-512Z.backup to U5-Data/Backups
Copied: memory-md-protection.md.2025-03-12T08-51-30-633Z.backup to U5-Data/Backups
Copied: memory-md-protection.md.2025-03-12T08-52-06-567Z.backup to U5-Data/Backups
Copied: memory-md-protection.md.2025-03-12T08-52-15-486Z.backup to U5-Data/Backups
Copied: memory.json.2025-03-13T00-56-23.642Z.bak to U5-Data/Backups
Copied: memory.json.2025-03-13T01-11-54.039Z.bak to U5-Data/Backups
Copied: memory.json.2025-03-13T01-21-41.441Z.bak to U5-Data/Backups
Copied: memory.md.2025-03-12T02-11-33.backup to U5-Data/Backups
Copied: memory.md.2025-03-12T02-12-42.backup to U5-Data/Backups
Copied: memory.md.2025-03-12T02-14-14.backup to U5-Data/Backups
Copied: memory.md.2025-03-12T02-19-04.backup to U5-Data/Backups
Copied: memory.md.2025-03-12T10-19-44.879Z.backup to U5-Data/Backups
Copied: memory.md.2025-03-12T12-14-04.047Z.backup to U5-Data/Backups
Copied: memory.md.2025-03-12T12-16-40.382Z.backup to U5-Data/Backups
Copied: memory.md.2025-03-12T12-18-10.551Z.backup to U5-Data/Backups
Copied: merge-test.json.2025-03-12T08-51-16-752Z.backup to U5-Data/Backups
Copied: merge-test.json.2025-03-12T08-51-46-050Z.backup to U5-Data/Backups
Copied: merge-test.json.2025-03-12T08-51-51-569Z.backup to U5-Data/Backups
Copied: merge-test.json.2025-03-12T08-52-38-296Z.backup to U5-Data/Backups
Copied: merge-test.json.2025-03-12T08-52-45-273Z.backup to U5-Data/Backups
Copied: merge-test.json.2025-03-13T00-55-53.779Z.bak to U5-Data/Backups
Copied: merge-test.json.2025-03-13T01-11-23.854Z.bak to U5-Data/Backups
Copied: merge-test.json.2025-03-13T01-21-14.898Z.bak to U5-Data/Backups
Copied: merge-test.md.2025-03-12T07-47-08-267Z.backup to U5-Data/Backups
Copied: merge-test.md.2025-03-12T08-51-28-549Z.backup to U5-Data/Backups
Copied: merge-test.md.2025-03-12T08-51-32-075Z.backup to U5-Data/Backups
Copied: merge-test.md.2025-03-12T08-52-08-170Z.backup to U5-Data/Backups
Copied: merge-test.md.2025-03-12T08-52-17-906Z.backup to U5-Data/Backups
Copied: new-json-test.json.2025-03-13T00-55-54.237Z.bak to U5-Data/Backups
Copied: new-json-test.json.2025-03-13T01-11-24.174Z.bak to U5-Data/Backups
Copied: new-json-test.json.2025-03-13T01-21-15.105Z.bak to U5-Data/Backups
Copied: quick-test.json.2025-03-12T10-17-11.804Z.backup to U5-Data/Backups
Copied: quick-test.json.2025-03-12T10-17-11.807Z.backup to U5-Data/Backups
Copied: quick-test.json.2025-03-12T10-18-25.215Z.backup to U5-Data/Backups
Copied: quick-test.json.2025-03-12T10-18-25.222Z.backup to U5-Data/Backups
Copied: quick-test.json.2025-03-13T00-56-23.884Z.bak to U5-Data/Backups
Copied: quick-test.json.2025-03-13T01-11-54.277Z.bak to U5-Data/Backups
Copied: quick-test.json.2025-03-13T01-21-41.652Z.bak to U5-Data/Backups
Copied: quick-test.md.2025-03-12T10-17-11.773Z.backup to U5-Data/Backups
Copied: quick-test.md.2025-03-12T10-17-11.784Z.backup to U5-Data/Backups
Copied: quick-test.md.2025-03-12T10-17-11.789Z.backup to U5-Data/Backups
Copied: quick-test.md.2025-03-12T10-18-25.182Z.backup to U5-Data/Backups
Copied: quick-test.md.2025-03-12T10-18-25.198Z.backup to U5-Data/Backups
Copied: README-cursor-integration.json.2025-03-12T10-46-16-186Z.backup to U5-Data/Backups
Copied: README-cursor-integration.json.2025-03-12T10-46-19-950Z.backup to U5-Data/Backups
Copied: README-cursor-integration.md.2025-03-12T10-46-26-201Z.backup to U5-Data/Backups
Copied: README-cursor-integration.md.2025-03-12T10-46-29-560Z.backup to U5-Data/Backups
Copied: README-md-json-sync.json.2025-03-12T07-41-26-106Z.backup to U5-Data/Backups
Copied: README-md-json-sync.json.2025-03-12T07-41-46-969Z.backup to U5-Data/Backups
Copied: README-md-json-sync.json.2025-03-12T07-50-04-450Z.backup to U5-Data/Backups
Copied: README-md-json-sync.json.2025-03-12T07-54-31-214Z.backup to U5-Data/Backups
Copied: README-md-json-sync.json.2025-03-12T07-55-19-300Z.backup to U5-Data/Backups
Copied: README-md-json-sync.md.2025-03-12T07-31-01-068Z.backup to U5-Data/Backups
Copied: README-md-json-sync.md.2025-03-12T07-31-01-954Z.backup to U5-Data/Backups
Copied: README-md-json-sync.md.2025-03-12T07-46-27-747Z.backup to U5-Data/Backups
Copied: README-md-json-sync.md.2025-03-12T07-47-14-352Z.backup to U5-Data/Backups
Copied: README-md-json-sync.md.2025-03-12T07-47-43-064Z.backup to U5-Data/Backups
Copied: README.json.2025-03-12T08-12-45-490Z.backup to U5-Data/Backups
Copied: README.json.2025-03-12T08-51-36-642Z.backup to U5-Data/Backups
Copied: README.json.2025-03-12T08-51-42-877Z.backup to U5-Data/Backups
Copied: README.json.2025-03-12T08-52-22-111Z.backup to U5-Data/Backups
Copied: README.json.2025-03-12T08-52-33-611Z.backup to U5-Data/Backups
Copied: README.json.2025-03-13T00-55-54.472Z.bak to U5-Data/Backups
Copied: README.json.2025-03-13T01-11-24.522Z.bak to U5-Data/Backups
Copied: README.json.2025-03-13T01-21-15.315Z.bak to U5-Data/Backups
Copied: README.md.2025-03-12T08-12-39-257Z.backup to U5-Data/Backups
Copied: README.md.2025-03-12T08-12-41-003Z.backup to U5-Data/Backups
Copied: README.md.2025-03-12T08-51-54-033Z.backup to U5-Data/Backups
Copied: README.md.2025-03-12T08-52-05-211Z.backup to U5-Data/Backups
Copied: README.md.2025-03-12T08-52-45-635Z.backup to U5-Data/Backups
Copied: recursive-directory-monitoring.json.2025-03-12T08-51-48-176Z.backup to U5-Data/Backups
Copied: recursive-directory-monitoring.json.2025-03-12T08-52-43-566Z.backup to U5-Data/Backups
Copied: recursive-directory-monitoring.json.2025-03-12T08-52-52-661Z.backup to U5-Data/Backups
Copied: recursive-directory-monitoring.json.2025-03-12T08-58-40-537Z.backup to U5-Data/Backups
Copied: recursive-directory-monitoring.json.2025-03-12T08-58-40-715Z.backup to U5-Data/Backups
Copied: recursive-directory-monitoring.json.2025-03-13T00-55-54.708Z.bak to U5-Data/Backups
Copied: recursive-directory-monitoring.json.2025-03-13T01-11-24.762Z.bak to U5-Data/Backups
Copied: recursive-directory-monitoring.json.2025-03-13T01-21-15.546Z.bak to U5-Data/Backups
Copied: recursive-directory-monitoring.md.2025-03-12T07-46-27-887Z.backup to U5-Data/Backups
Copied: recursive-directory-monitoring.md.2025-03-12T08-51-29-653Z.backup to U5-Data/Backups
Copied: recursive-directory-monitoring.md.2025-03-12T08-51-35-495Z.backup to U5-Data/Backups
Copied: recursive-directory-monitoring.md.2025-03-12T08-52-14-408Z.backup to U5-Data/Backups
Copied: recursive-directory-monitoring.md.2025-03-12T08-52-26-429Z.backup to U5-Data/Backups
Copied: root-directory-monitoring-tasks.json.2025-03-12T08-51-49-814Z.backup to U5-Data/Backups
Copied: root-directory-monitoring-tasks.json.2025-03-12T08-52-45-278Z.backup to U5-Data/Backups
Copied: root-directory-monitoring-tasks.json.2025-03-12T08-52-55-331Z.backup to U5-Data/Backups
Copied: root-directory-monitoring-tasks.json.2025-03-12T08-58-40-537Z.backup to U5-Data/Backups
Copied: root-directory-monitoring-tasks.json.2025-03-12T08-58-40-731Z.backup to U5-Data/Backups
Copied: root-directory-monitoring-tasks.json.2025-03-13T00-55-54.952Z.bak to U5-Data/Backups
Copied: root-directory-monitoring-tasks.json.2025-03-13T01-11-25.040Z.bak to U5-Data/Backups
Copied: root-directory-monitoring-tasks.json.2025-03-13T01-21-15.753Z.bak to U5-Data/Backups
Copied: root-directory-monitoring-tasks.md.2025-03-12T07-46-27-887Z.backup to U5-Data/Backups
Copied: root-directory-monitoring-tasks.md.2025-03-12T08-51-30-660Z.backup to U5-Data/Backups
Copied: root-directory-monitoring-tasks.md.2025-03-12T08-51-37-778Z.backup to U5-Data/Backups
Copied: root-directory-monitoring-tasks.md.2025-03-12T08-52-16-730Z.backup to U5-Data/Backups
Copied: root-directory-monitoring-tasks.md.2025-03-12T08-52-29-059Z.backup to U5-Data/Backups
Copied: root-directory-monitoring-workarounds.json.2025-03-12T08-51-51-566Z.backup to U5-Data/Backups
Copied: root-directory-monitoring-workarounds.json.2025-03-12T08-52-02-466Z.backup to U5-Data/Backups
Copied: root-directory-monitoring-workarounds.json.2025-03-12T08-52-45-636Z.backup to U5-Data/Backups
Copied: root-directory-monitoring-workarounds.json.2025-03-12T08-58-40-537Z.backup to U5-Data/Backups
Copied: root-directory-monitoring-workarounds.json.2025-03-12T08-58-40-719Z.backup to U5-Data/Backups
Copied: root-directory-monitoring-workarounds.json.2025-03-13T00-55-55.412Z.bak to U5-Data/Backups
Copied: root-directory-monitoring-workarounds.json.2025-03-13T01-11-25.354Z.bak to U5-Data/Backups
Copied: root-directory-monitoring-workarounds.json.2025-03-13T01-21-15.967Z.bak to U5-Data/Backups
Copied: root-directory-monitoring-workarounds.md.2025-03-12T07-46-27-888Z.backup to U5-Data/Backups
Copied: root-directory-monitoring-workarounds.md.2025-03-12T08-51-30-983Z.backup to U5-Data/Backups
Copied: root-directory-monitoring-workarounds.md.2025-03-12T08-51-38-285Z.backup to U5-Data/Backups
Copied: root-directory-monitoring-workarounds.md.2025-03-12T08-52-19-580Z.backup to U5-Data/Backups
Copied: root-directory-monitoring-workarounds.md.2025-03-12T08-52-31-877Z.backup to U5-Data/Backups
Copied: root-monitor-test.json.2025-03-12T08-12-43-078Z.backup to U5-Data/Backups
Copied: root-monitor-test.json.2025-03-12T08-12-45-558Z.backup to U5-Data/Backups
Copied: root-monitor-test.md.2025-03-12T08-12-35-867Z.backup to U5-Data/Backups
Copied: root-monitor-test.md.2025-03-12T08-12-39-104Z.backup to U5-Data/Backups
Copied: safe-sync-system.json.2025-03-12T08-51-52-567Z.backup to U5-Data/Backups
Copied: safe-sync-system.json.2025-03-12T08-52-45-636Z.backup to U5-Data/Backups
Copied: safe-sync-system.json.2025-03-12T08-52-55-331Z.backup to U5-Data/Backups
Copied: safe-sync-system.json.2025-03-12T08-58-40-547Z.backup to U5-Data/Backups
Copied: safe-sync-system.json.2025-03-12T08-58-40-743Z.backup to U5-Data/Backups
Copied: safe-sync-system.json.2025-03-13T00-55-55.706Z.bak to U5-Data/Backups
Copied: safe-sync-system.json.2025-03-13T01-11-25.654Z.bak to U5-Data/Backups
Copied: safe-sync-system.json.2025-03-13T01-21-16.170Z.bak to U5-Data/Backups
Copied: safe-sync-system.md.2025-03-12T07-28-27-800Z.backup to U5-Data/Backups
Copied: safe-sync-system.md.2025-03-12T08-51-32-665Z.backup to U5-Data/Backups
Copied: safe-sync-system.md.2025-03-12T08-51-41-045Z.backup to U5-Data/Backups
Copied: safe-sync-system.md.2025-03-12T08-52-19-580Z.backup to U5-Data/Backups
Copied: safe-sync-system.md.2025-03-12T08-52-31-875Z.backup to U5-Data/Backups
Copied: sop.json.2025-03-12T07-41-26-107Z.backup to U5-Data/Backups
Copied: sop.json.2025-03-12T07-41-46-969Z.backup to U5-Data/Backups
Copied: sop.json.2025-03-12T07-50-02-533Z.backup to U5-Data/Backups
Copied: sop.json.2025-03-12T07-54-31-214Z.backup to U5-Data/Backups
Copied: sop.json.2025-03-12T07-54-41-667Z.backup to U5-Data/Backups
Copied: sop.md.2025-03-12T07-31-01-068Z.backup to U5-Data/Backups
Copied: sop.md.2025-03-12T07-31-06-569Z.backup to U5-Data/Backups
Copied: sop.md.2025-03-12T07-46-27-747Z.backup to U5-Data/Backups
Copied: sop.md.2025-03-12T07-47-14-352Z.backup to U5-Data/Backups
Copied: sop.md.2025-03-12T07-47-37-140Z.backup to U5-Data/Backups
Copied: spec.json.2025-03-12T07-41-26-106Z.backup to U5-Data/Backups
Copied: spec.json.2025-03-12T07-41-46-970Z.backup to U5-Data/Backups
Copied: spec.json.2025-03-12T07-50-04-450Z.backup to U5-Data/Backups
Copied: spec.json.2025-03-12T07-54-31-214Z.backup to U5-Data/Backups
Copied: spec.json.2025-03-12T07-55-19-309Z.backup to U5-Data/Backups
Copied: spec.md.2025-03-12T07-31-01-068Z.backup to U5-Data/Backups
Copied: spec.md.2025-03-12T07-31-01-954Z.backup to U5-Data/Backups
Copied: spec.md.2025-03-12T07-46-27-748Z.backup to U5-Data/Backups
Copied: spec.md.2025-03-12T07-47-14-352Z.backup to U5-Data/Backups
Copied: spec.md.2025-03-12T07-47-43-062Z.backup to U5-Data/Backups
Copied: steps.json.2025-03-12T07-41-26-109Z.backup to U5-Data/Backups
Copied: steps.json.2025-03-12T07-41-46-970Z.backup to U5-Data/Backups
Copied: steps.json.2025-03-12T07-50-02-533Z.backup to U5-Data/Backups
Copied: steps.json.2025-03-12T07-54-31-214Z.backup to U5-Data/Backups
Copied: steps.json.2025-03-12T07-54-41-674Z.backup to U5-Data/Backups
Copied: steps.md.2025-03-12T07-31-01-069Z.backup to U5-Data/Backups
Copied: steps.md.2025-03-12T07-31-06-569Z.backup to U5-Data/Backups
Copied: steps.md.2025-03-12T07-46-27-747Z.backup to U5-Data/Backups
Copied: steps.md.2025-03-12T07-47-14-355Z.backup to U5-Data/Backups
Copied: steps.md.2025-03-12T07-47-37-140Z.backup to U5-Data/Backups
Copied: sync-bidirectional-test.json.2025-03-12T08-51-56-119Z.backup to U5-Data/Backups
Copied: sync-bidirectional-test.json.2025-03-12T08-52-07-449Z.backup to U5-Data/Backups
Copied: sync-bidirectional-test.json.2025-03-12T08-52-48-526Z.backup to U5-Data/Backups
Copied: sync-bidirectional-test.json.2025-03-12T08-58-40-981Z.backup to U5-Data/Backups
Copied: sync-bidirectional-test.json.2025-03-12T08-58-41-021Z.backup to U5-Data/Backups
Copied: sync-bidirectional-test.json.2025-03-13T00-55-55.941Z.bak to U5-Data/Backups
Copied: sync-bidirectional-test.json.2025-03-13T01-11-26.039Z.bak to U5-Data/Backups
Copied: sync-bidirectional-test.json.2025-03-13T01-21-16.364Z.bak to U5-Data/Backups
Copied: sync-bidirectional-test.md.2025-03-12T07-28-27-800Z.backup to U5-Data/Backups
Copied: sync-bidirectional-test.md.2025-03-12T08-51-35-501Z.backup to U5-Data/Backups
Copied: sync-bidirectional-test.md.2025-03-12T08-51-42-243Z.backup to U5-Data/Backups
Copied: sync-bidirectional-test.md.2025-03-12T08-52-23-329Z.backup to U5-Data/Backups
Copied: sync-bidirectional-test.md.2025-03-12T08-52-34-532Z.backup to U5-Data/Backups
Copied: sync-config.json.2025-03-13T00-56-22.402Z.bak to U5-Data/Backups
Copied: sync-config.json.2025-03-13T01-11-52.748Z.bak to U5-Data/Backups
Copied: sync-config.json.2025-03-13T01-21-40.446Z.bak to U5-Data/Backups
Copied: sync-conflict-test.json.2025-03-12T07-41-26-107Z.backup to U5-Data/Backups
Copied: sync-conflict-test.json.2025-03-12T07-41-46-970Z.backup to U5-Data/Backups
Copied: sync-conflict-test.json.2025-03-12T07-49-59-236Z.backup to U5-Data/Backups
Copied: sync-conflict-test.json.2025-03-12T07-52-35-144Z.backup to U5-Data/Backups
Copied: sync-conflict-test.json.2025-03-12T07-54-31-214Z.backup to U5-Data/Backups
Copied: sync-conflict-test.md.2025-03-12T07-31-01-069Z.backup to U5-Data/Backups
Copied: sync-conflict-test.md.2025-03-12T07-36-18-008Z.backup to U5-Data/Backups
Copied: sync-conflict-test.md.2025-03-12T07-46-27-748Z.backup to U5-Data/Backups
Copied: sync-conflict-test.md.2025-03-12T07-47-14-355Z.backup to U5-Data/Backups
Copied: sync-conflict-test.md.2025-03-12T07-47-37-140Z.backup to U5-Data/Backups
Copied: sync-test-from-json.json.2025-03-13T00-55-56.178Z.bak to U5-Data/Backups
Copied: sync-test-from-json.json.2025-03-13T01-11-26.327Z.bak to U5-Data/Backups
Copied: sync-test-from-json.json.2025-03-13T01-21-16.581Z.bak to U5-Data/Backups
Copied: sync-test.json.2025-03-12T08-51-56-545Z.backup to U5-Data/Backups
Copied: sync-test.json.2025-03-12T08-52-07-881Z.backup to U5-Data/Backups
Copied: sync-test.json.2025-03-12T08-52-50-563Z.backup to U5-Data/Backups
Copied: sync-test.json.2025-03-12T08-58-40-988Z.backup to U5-Data/Backups
Copied: sync-test.json.2025-03-12T08-58-41-023Z.backup to U5-Data/Backups
Copied: sync-test.json.2025-03-13T00-55-56.419Z.bak to U5-Data/Backups
Copied: sync-test.json.2025-03-13T01-11-26.611Z.bak to U5-Data/Backups
Copied: sync-test.json.2025-03-13T01-21-16.793Z.bak to U5-Data/Backups
Copied: sync-test.md.2025-03-12T07-28-27-800Z.backup to U5-Data/Backups
Copied: sync-test.md.2025-03-12T08-51-36-664Z.backup to U5-Data/Backups
Copied: sync-test.md.2025-03-12T08-51-43-268Z.backup to U5-Data/Backups
Copied: sync-test.md.2025-03-12T08-52-25-073Z.backup to U5-Data/Backups
Copied: sync-test.md.2025-03-12T08-52-34-831Z.backup to U5-Data/Backups
Copied: terminal-troubleshooting.json.2025-03-12T07-41-26-109Z.backup to U5-Data/Backups
Copied: terminal-troubleshooting.json.2025-03-12T07-41-46-974Z.backup to U5-Data/Backups
Copied: terminal-troubleshooting.json.2025-03-12T07-50-02-533Z.backup to U5-Data/Backups
Copied: terminal-troubleshooting.json.2025-03-12T07-54-31-214Z.backup to U5-Data/Backups
Copied: terminal-troubleshooting.json.2025-03-12T07-54-41-674Z.backup to U5-Data/Backups
Copied: terminal-troubleshooting.md.2025-03-12T07-31-01-069Z.backup to U5-Data/Backups
Copied: terminal-troubleshooting.md.2025-03-12T07-31-06-569Z.backup to U5-Data/Backups
Copied: terminal-troubleshooting.md.2025-03-12T07-46-27-749Z.backup to U5-Data/Backups
Copied: terminal-troubleshooting.md.2025-03-12T07-47-14-355Z.backup to U5-Data/Backups
Copied: terminal-troubleshooting.md.2025-03-12T07-47-37-140Z.backup to U5-Data/Backups
Copied: test-doc.json.2025-03-12T08-51-50-686Z.backup to U5-Data/Backups
Copied: test-doc.json.2025-03-12T08-52-42-923Z.backup to U5-Data/Backups
Copied: test-doc.json.2025-03-12T08-52-50-531Z.backup to U5-Data/Backups
Copied: test-doc.json.2025-03-12T08-58-41-092Z.backup to U5-Data/Backups
Copied: test-doc.json.2025-03-12T08-58-41-114Z.backup to U5-Data/Backups
Copied: test-doc.md.2025-03-12T08-12-41-957Z.backup to U5-Data/Backups
Copied: test-doc.md.2025-03-12T08-12-43-425Z.backup to U5-Data/Backups
Copied: test-doc.md.2025-03-12T08-52-15-502Z.backup to U5-Data/Backups
Copied: test-doc.md.2025-03-12T08-52-27-191Z.backup to U5-Data/Backups
Copied: test-json-to-md.json.2025-03-13T00-55-56.671Z.bak to U5-Data/Backups
Copied: test-json-to-md.json.2025-03-13T01-11-26.886Z.bak to U5-Data/Backups
Copied: test-json-to-md.json.2025-03-13T01-21-16.993Z.bak to U5-Data/Backups
Copied: test-sync.json.2025-03-12T07-41-26-109Z.backup to U5-Data/Backups
Copied: test-sync.json.2025-03-12T07-41-46-970Z.backup to U5-Data/Backups
Copied: test-sync.json.2025-03-12T07-50-02-533Z.backup to U5-Data/Backups
Copied: test-sync.json.2025-03-12T07-54-31-214Z.backup to U5-Data/Backups
Copied: test-sync.json.2025-03-12T07-54-41-673Z.backup to U5-Data/Backups
Copied: test-sync.md.2025-03-12T07-31-01-069Z.backup to U5-Data/Backups
Copied: test-sync.md.2025-03-12T07-31-06-569Z.backup to U5-Data/Backups
Copied: test-sync.md.2025-03-12T07-46-27-748Z.backup to U5-Data/Backups
Copied: test-sync.md.2025-03-12T07-47-14-355Z.backup to U5-Data/Backups
Copied: test-sync.md.2025-03-12T07-47-37-140Z.backup to U5-Data/Backups
Copied: test1.md.2025-03-12T23-18-53.133Z.bak to U5-Data/Backups
Copied: test1.md.2025-03-12T23-19-02.072Z.bak to U5-Data/Backups
Copied: test1.md.2025-03-12T23-21-23.996Z.bak to U5-Data/Backups
Copied: test1.md.2025-03-12T23-23-50.113Z.bak to U5-Data/Backups
Copied: test1.md.2025-03-12T23-24-52.564Z.bak to U5-Data/Backups
Copied: test1.md.2025-03-12T23-27-49.623Z.bak to U5-Data/Backups
Copied: test2.json.2025-03-12T23-19-02.609Z.bak to U5-Data/Backups
Copied: test2.json.2025-03-12T23-21-24.340Z.bak to U5-Data/Backups
Copied: test2.json.2025-03-12T23-23-50.486Z.bak to U5-Data/Backups
Copied: test2.json.2025-03-12T23-24-53.191Z.bak to U5-Data/Backups
Copied: test2.json.2025-03-12T23-27-50.005Z.bak to U5-Data/Backups
Copied: test2.json.2025-03-13T00-56-25.076Z.bak to U5-Data/Backups
Copied: test2.json.2025-03-13T01-11-55.769Z.bak to U5-Data/Backups
Copied: test2.json.2025-03-13T01-21-42.650Z.bak to U5-Data/Backups
Copied: testing-and-verification.json.2025-03-12T08-52-03-679Z.backup to U5-Data/Backups
Copied: testing-and-verification.json.2025-03-12T08-52-12-866Z.backup to U5-Data/Backups
Copied: testing-and-verification.json.2025-03-12T08-52-55-359Z.backup to U5-Data/Backups
Copied: testing-and-verification.json.2025-03-12T08-58-41-104Z.backup to U5-Data/Backups
Copied: testing-and-verification.json.2025-03-12T08-58-41-138Z.backup to U5-Data/Backups
Copied: testing-and-verification.json.2025-03-13T00-55-56.903Z.bak to U5-Data/Backups
Copied: testing-and-verification.json.2025-03-13T01-11-27.144Z.bak to U5-Data/Backups
Copied: testing-and-verification.json.2025-03-13T01-21-17.199Z.bak to U5-Data/Backups
Copied: testing-and-verification.md.2025-03-12T07-46-27-890Z.backup to U5-Data/Backups
Copied: testing-and-verification.md.2025-03-12T08-51-40-683Z.backup to U5-Data/Backups
Copied: testing-and-verification.md.2025-03-12T08-51-46-035Z.backup to U5-Data/Backups
Copied: testing-and-verification.md.2025-03-12T08-52-32-530Z.backup to U5-Data/Backups
Copied: testing-and-verification.md.2025-03-12T08-52-39-093Z.backup to U5-Data/Backups
Copied: toolset.json.2025-03-12T07-41-26-109Z.backup to U5-Data/Backups
Copied: toolset.json.2025-03-12T07-41-46-970Z.backup to U5-Data/Backups
Copied: toolset.json.2025-03-12T07-50-02-533Z.backup to U5-Data/Backups
Copied: toolset.json.2025-03-12T07-54-31-214Z.backup to U5-Data/Backups
Copied: toolset.json.2025-03-12T07-54-41-684Z.backup to U5-Data/Backups
Copied: toolset.md.2025-03-12T07-31-01-069Z.backup to U5-Data/Backups
Copied: toolset.md.2025-03-12T07-31-06-569Z.backup to U5-Data/Backups
Copied: toolset.md.2025-03-12T07-46-27-749Z.backup to U5-Data/Backups
Copied: toolset.md.2025-03-12T07-47-14-356Z.backup to U5-Data/Backups
Copied: toolset.md.2025-03-12T07-47-37-145Z.backup to U5-Data/Backups
Copied: ty.json.2025-03-12T08-51-32-665Z.backup to U5-Data/Backups
Copied: ty.json.2025-03-12T08-51-40-670Z.backup to U5-Data/Backups
Copied: ty.json.2025-03-12T08-52-20-980Z.backup to U5-Data/Backups
Copied: ty.json.2025-03-12T08-52-32-518Z.backup to U5-Data/Backups
Copied: ty.md.2025-03-12T07-28-27-799Z.backup to U5-Data/Backups
Copied: ty.md.2025-03-12T08-51-50-685Z.backup to U5-Data/Backups
Copied: ty.md.2025-03-12T08-52-00-830Z.backup to U5-Data/Backups
Copied: ty.md.2025-03-12T08-52-44-140Z.backup to U5-Data/Backups
Copied: ty.md.2025-03-12T08-52-53-416Z.backup to U5-Data/Backups
Copied: watch_test.md.2025-03-12T23-24-58.848Z.bak to U5-Data/Backups
Copied: wordpress-ai-guidelines.json.2025-03-12T07-41-26-110Z.backup to U5-Data/Backups
Copied: wordpress-ai-guidelines.json.2025-03-12T07-41-46-970Z.backup to U5-Data/Backups
Copied: wordpress-ai-guidelines.json.2025-03-12T07-50-02-533Z.backup to U5-Data/Backups
Copied: wordpress-ai-guidelines.json.2025-03-12T07-54-31-214Z.backup to U5-Data/Backups
Copied: wordpress-ai-guidelines.json.2025-03-12T07-54-41-675Z.backup to U5-Data/Backups
Copied: wordpress-ai-guidelines.md.2025-03-12T07-31-01-069Z.backup to U5-Data/Backups
Copied: wordpress-ai-guidelines.md.2025-03-12T07-31-06-570Z.backup to U5-Data/Backups
Copied: wordpress-ai-guidelines.md.2025-03-12T07-46-27-749Z.backup to U5-Data/Backups
Copied: wordpress-ai-guidelines.md.2025-03-12T07-47-14-356Z.backup to U5-Data/Backups
Copied: wordpress-ai-guidelines.md.2025-03-12T07-47-37-146Z.backup to U5-Data/Backups
Copied: wordpress-com-github-deployments.json.2025-03-13T00-55-57.194Z.bak to U5-Data/Backups
Copied: wordpress-com-github-deployments.json.2025-03-13T01-11-27.423Z.bak to U5-Data/Backups
Copied: wordpress-com-github-deployments.json.2025-03-13T01-21-17.464Z.bak to U5-Data/Backups
Copied: wordpress-com-github-deployments.md.2025-03-12T07-28-27-800Z.backup to U5-Data/Backups
Copied: wordpress-com-github-deployments.md.2025-03-12T07-30-42-201Z.backup to U5-Data/Backups
Copied: wordpress-com-github-deployments.md.2025-03-12T07-41-27-678Z.backup to U5-Data/Backups
Copied: wordpress-com-github-deployments.md.2025-03-12T07-41-53-821Z.backup to U5-Data/Backups
Copied: wordpress-com-github-deployments.md.2025-03-12T07-46-27-890Z.backup to U5-Data/Backups
Copied: wordpress-com-testing.json.2025-03-12T07-41-26-110Z.backup to U5-Data/Backups
Copied: wordpress-com-testing.json.2025-03-12T07-41-46-970Z.backup to U5-Data/Backups
Copied: wordpress-com-testing.json.2025-03-12T07-50-02-533Z.backup to U5-Data/Backups
Copied: wordpress-com-testing.json.2025-03-12T07-54-31-214Z.backup to U5-Data/Backups
Copied: wordpress-com-testing.json.2025-03-12T07-54-41-673Z.backup to U5-Data/Backups
Copied: wordpress-com-testing.md.2025-03-12T07-31-01-069Z.backup to U5-Data/Backups
Copied: wordpress-com-testing.md.2025-03-12T07-31-06-569Z.backup to U5-Data/Backups
Copied: wordpress-com-testing.md.2025-03-12T07-46-27-750Z.backup to U5-Data/Backups
Copied: wordpress-com-testing.md.2025-03-12T07-47-14-361Z.backup to U5-Data/Backups
Copied: wordpress-com-testing.md.2025-03-12T07-47-37-146Z.backup to U5-Data/Backups
Copied: wordpress-studio-guide.json.2025-03-12T07-41-26-110Z.backup to U5-Data/Backups
Copied: wordpress-studio-guide.json.2025-03-12T07-41-47-003Z.backup to U5-Data/Backups
Copied: wordpress-studio-guide.json.2025-03-12T07-49-59-236Z.backup to U5-Data/Backups
Copied: wordpress-studio-guide.json.2025-03-12T07-52-35-144Z.backup to U5-Data/Backups
Copied: wordpress-studio-guide.json.2025-03-12T07-54-31-215Z.backup to U5-Data/Backups
Copied: wordpress-studio-guide.md.2025-03-12T07-31-01-953Z.backup to U5-Data/Backups
Copied: wordpress-studio-guide.md.2025-03-12T07-36-18-213Z.backup to U5-Data/Backups
Copied: wordpress-studio-guide.md.2025-03-12T07-46-27-750Z.backup to U5-Data/Backups
Copied: wordpress-studio-guide.md.2025-03-12T07-47-14-361Z.backup to U5-Data/Backups
Copied: wordpress-studio-guide.md.2025-03-12T07-47-37-147Z.backup to U5-Data/Backups
Completed moving 683 *.* files to 'U5-Data/Backups'
=== Organizing Test Files ===
Moving *.* files from 'tests' to 'U7-Systems/Development/Tests'...
Completed moving 0 *.* files to 'U7-Systems/Development/Tests'
Moving *test*.js files from '.' to 'U7-Systems/Development/Tests'...
Copied: make-test-change.js to U7-Systems/Development/Tests
Copied: run-tests.js to U7-Systems/Development/Tests
Completed moving 2 *test*.js files to 'U7-Systems/Development/Tests'
Moving *test*.ps1 files from '.' to 'U7-Systems/Development/Tests'...
Completed moving 0 *test*.ps1 files to 'U7-Systems/Development/Tests'
File organization continuation completed.
Check the log file for details: file-organization-continuation-20250313_220421.log
Original files were preserved. You may want to remove them after verification.
